../Core/Src/funksjoner.c:74:6:oppdater_styrebidrag	40	static
../Core/Src/funksjoner.c:149:6:paadrags_filter	0	static
../Core/Src/funksjoner.c:169:6:thrust_filtering	32	static
../Core/Src/funksjoner.c:246:6:thruster_retning_korreksjon	32	static
../Core/Src/funksjoner.c:258:6:skaler_paadrag	0	static
../Core/Src/funksjoner.c:303:6:skriv_thruster_PWM	0	static
../Core/Src/funksjoner.c:314:6:skriv_manipulator_PWM	0	static
../Core/Src/funksjoner.c:189:6:manipulator_styring	8	static
../Core/Src/funksjoner.c:337:6:effekt_kontroll	8	static
../Core/Src/funksjoner.c:343:6:ESC_status	0	static
../Core/Src/funksjoner.c:355:6:sjekk_brytertrykk	0	static
../Core/Src/funksjoner.c:368:6:oppdater_ledlys	0	static
../Core/Src/funksjoner.c:395:7:kg_til_paadrag	32	static
../Core/Src/funksjoner.c:404:6:kombiner_styring	0	static
../Core/Src/funksjoner.c:433:6:add_contribution	8	static
../Core/Src/funksjoner.c:27:6:behandle_paadrag	16	static
../Core/Src/funksjoner.c:446:6:NED2BFF	32	static
../Core/Src/funksjoner.c:490:7:thrust2percent	32	static
../Core/Src/funksjoner.c:458:6:BFF2ThrustPercent	80	static
../Core/Src/funksjoner.c:501:7:calc_acceleration_smc	48	static
../Core/Src/funksjoner.c:531:6:step_machine	56	static
