../Core/Src/stm32f4xx_it.c:77:6:NMI_Handler	0	static
../Core/Src/stm32f4xx_it.c:92:6:HardFault_Handler	0	static
../Core/Src/stm32f4xx_it.c:108:6:MemManage_Handler	0	static
../Core/Src/stm32f4xx_it.c:123:6:BusFault_Handler	0	static
../Core/Src/stm32f4xx_it.c:138:6:UsageFault_Handler	0	static
../Core/Src/stm32f4xx_it.c:153:6:SVC_Handler	0	static
../Core/Src/stm32f4xx_it.c:166:6:DebugMon_Handler	0	static
../Core/Src/stm32f4xx_it.c:179:6:PendSV_Handler	0	static
../Core/Src/stm32f4xx_it.c:192:6:SysTick_Handler	8	static
../Core/Src/stm32f4xx_it.c:313:6:CAN1_RX0_IRQHandler	8	static
../Core/Src/stm32f4xx_it.c:327:6:OTG_FS_IRQHandler	8	static
