../Core/Src/stm32f4xx_hal_msp.c:66:6:HAL_MspInit	16	static
../Core/Src/stm32f4xx_hal_msp.c:90:6:HAL_CAN_MspInit	40	static
../Core/Src/stm32f4xx_hal_msp.c:129:6:HAL_CAN_MspDeInit	8	static
../Core/Src/stm32f4xx_hal_msp.c:160:6:HAL_I2S_MspInit	64	static
../Core/Src/stm32f4xx_hal_msp.c:218:6:HAL_I2S_MspDeInit	8	static
../Core/Src/stm32f4xx_hal_msp.c:251:6:HAL_TIM_Base_MspInit	16	static
../Core/Src/stm32f4xx_hal_msp.c:289:6:HAL_TIM_MspPostInit	56	static
../Core/Src/stm32f4xx_hal_msp.c:387:6:HAL_TIM_Base_MspDeInit	0	static
