Archive member included to satisfy reference by file (symbol)

c:/st/stm32cubeide_1.9.0/stm32cubeide/plugins/com.st.stm32cube.ide.mcu.externaltools.gnu-tools-for-stm32.10.3-2021.10.win32_1.0.0.202111181127/tools/bin/../lib/gcc/arm-none-eabi/10.3.1/../../../../arm-none-eabi/lib/thumb/v7e-m+fp/hard\libc_nano.a(lib_a-errno.o)
                              ./Core/Src/syscalls.o (__errno)
c:/st/stm32cubeide_1.9.0/stm32cubeide/plugins/com.st.stm32cube.ide.mcu.externaltools.gnu-tools-for-stm32.10.3-2021.10.win32_1.0.0.202111181127/tools/bin/../lib/gcc/arm-none-eabi/10.3.1/../../../../arm-none-eabi/lib/thumb/v7e-m+fp/hard\libc_nano.a(lib_a-exit.o)
                              c:/st/stm32cubeide_1.9.0/stm32cubeide/plugins/com.st.stm32cube.ide.mcu.externaltools.gnu-tools-for-stm32.10.3-2021.10.win32_1.0.0.202111181127/tools/bin/../lib/gcc/arm-none-eabi/10.3.1/../../../../arm-none-eabi/lib/thumb/v7e-m+fp/hard/crt0.o (exit)
c:/st/stm32cubeide_1.9.0/stm32cubeide/plugins/com.st.stm32cube.ide.mcu.externaltools.gnu-tools-for-stm32.10.3-2021.10.win32_1.0.0.202111181127/tools/bin/../lib/gcc/arm-none-eabi/10.3.1/../../../../arm-none-eabi/lib/thumb/v7e-m+fp/hard\libc_nano.a(lib_a-impure.o)
                              c:/st/stm32cubeide_1.9.0/stm32cubeide/plugins/com.st.stm32cube.ide.mcu.externaltools.gnu-tools-for-stm32.10.3-2021.10.win32_1.0.0.202111181127/tools/bin/../lib/gcc/arm-none-eabi/10.3.1/../../../../arm-none-eabi/lib/thumb/v7e-m+fp/hard\libc_nano.a(lib_a-exit.o) (_global_impure_ptr)
c:/st/stm32cubeide_1.9.0/stm32cubeide/plugins/com.st.stm32cube.ide.mcu.externaltools.gnu-tools-for-stm32.10.3-2021.10.win32_1.0.0.202111181127/tools/bin/../lib/gcc/arm-none-eabi/10.3.1/../../../../arm-none-eabi/lib/thumb/v7e-m+fp/hard\libc_nano.a(lib_a-init.o)
                              c:/st/stm32cubeide_1.9.0/stm32cubeide/plugins/com.st.stm32cube.ide.mcu.externaltools.gnu-tools-for-stm32.10.3-2021.10.win32_1.0.0.202111181127/tools/bin/../lib/gcc/arm-none-eabi/10.3.1/../../../../arm-none-eabi/lib/thumb/v7e-m+fp/hard/crt0.o (__libc_init_array)
c:/st/stm32cubeide_1.9.0/stm32cubeide/plugins/com.st.stm32cube.ide.mcu.externaltools.gnu-tools-for-stm32.10.3-2021.10.win32_1.0.0.202111181127/tools/bin/../lib/gcc/arm-none-eabi/10.3.1/../../../../arm-none-eabi/lib/thumb/v7e-m+fp/hard\libc_nano.a(lib_a-malloc.o)
                              ./Core/Src/matrix_operations.o (malloc)
c:/st/stm32cubeide_1.9.0/stm32cubeide/plugins/com.st.stm32cube.ide.mcu.externaltools.gnu-tools-for-stm32.10.3-2021.10.win32_1.0.0.202111181127/tools/bin/../lib/gcc/arm-none-eabi/10.3.1/../../../../arm-none-eabi/lib/thumb/v7e-m+fp/hard\libc_nano.a(lib_a-memcpy-stub.o)
                              ./Core/Src/matrix_operations.o (memcpy)
c:/st/stm32cubeide_1.9.0/stm32cubeide/plugins/com.st.stm32cube.ide.mcu.externaltools.gnu-tools-for-stm32.10.3-2021.10.win32_1.0.0.202111181127/tools/bin/../lib/gcc/arm-none-eabi/10.3.1/../../../../arm-none-eabi/lib/thumb/v7e-m+fp/hard\libc_nano.a(lib_a-memset.o)
                              c:/st/stm32cubeide_1.9.0/stm32cubeide/plugins/com.st.stm32cube.ide.mcu.externaltools.gnu-tools-for-stm32.10.3-2021.10.win32_1.0.0.202111181127/tools/bin/../lib/gcc/arm-none-eabi/10.3.1/../../../../arm-none-eabi/lib/thumb/v7e-m+fp/hard/crt0.o (memset)
c:/st/stm32cubeide_1.9.0/stm32cubeide/plugins/com.st.stm32cube.ide.mcu.externaltools.gnu-tools-for-stm32.10.3-2021.10.win32_1.0.0.202111181127/tools/bin/../lib/gcc/arm-none-eabi/10.3.1/../../../../arm-none-eabi/lib/thumb/v7e-m+fp/hard\libc_nano.a(lib_a-nano-freer.o)
                              c:/st/stm32cubeide_1.9.0/stm32cubeide/plugins/com.st.stm32cube.ide.mcu.externaltools.gnu-tools-for-stm32.10.3-2021.10.win32_1.0.0.202111181127/tools/bin/../lib/gcc/arm-none-eabi/10.3.1/../../../../arm-none-eabi/lib/thumb/v7e-m+fp/hard\libc_nano.a(lib_a-malloc.o) (_free_r)
c:/st/stm32cubeide_1.9.0/stm32cubeide/plugins/com.st.stm32cube.ide.mcu.externaltools.gnu-tools-for-stm32.10.3-2021.10.win32_1.0.0.202111181127/tools/bin/../lib/gcc/arm-none-eabi/10.3.1/../../../../arm-none-eabi/lib/thumb/v7e-m+fp/hard\libc_nano.a(lib_a-nano-mallocr.o)
                              c:/st/stm32cubeide_1.9.0/stm32cubeide/plugins/com.st.stm32cube.ide.mcu.externaltools.gnu-tools-for-stm32.10.3-2021.10.win32_1.0.0.202111181127/tools/bin/../lib/gcc/arm-none-eabi/10.3.1/../../../../arm-none-eabi/lib/thumb/v7e-m+fp/hard\libc_nano.a(lib_a-malloc.o) (_malloc_r)
c:/st/stm32cubeide_1.9.0/stm32cubeide/plugins/com.st.stm32cube.ide.mcu.externaltools.gnu-tools-for-stm32.10.3-2021.10.win32_1.0.0.202111181127/tools/bin/../lib/gcc/arm-none-eabi/10.3.1/../../../../arm-none-eabi/lib/thumb/v7e-m+fp/hard\libc_nano.a(lib_a-sbrkr.o)
                              c:/st/stm32cubeide_1.9.0/stm32cubeide/plugins/com.st.stm32cube.ide.mcu.externaltools.gnu-tools-for-stm32.10.3-2021.10.win32_1.0.0.202111181127/tools/bin/../lib/gcc/arm-none-eabi/10.3.1/../../../../arm-none-eabi/lib/thumb/v7e-m+fp/hard\libc_nano.a(lib_a-nano-mallocr.o) (_sbrk_r)
[...]
Memory Configuration

Name             Origin             Length             Attributes
CCMRAM           0x0000000010000000 0x0000000000010000 xrw
RAM              0x0000000020000000 0x0000000000020000 xrw
FLASH            0x0000000008000000 0x0000000000100000 xr
*default*        0x0000000000000000 0xffffffffffffffff

Linker script and memory map

LOAD c:/st/stm32cubeide_1.9.0/stm32cubeide/plugins/com.st.stm32cube.ide.mcu.externaltools.gnu-tools-for-stm32.10.3-2021.10.win32_1.0.0.202111181127/tools/bin/../lib/gcc/arm-none-eabi/10.3.1/thumb/v7e-m+fp/hard/crti.o
LOAD c:/st/stm32cubeide_1.9.0/stm32cubeide/plugins/com.st.stm32cube.ide.mcu.externaltools.gnu-tools-for-stm32.10.3-2021.10.win32_1.0.0.202111181127/tools/bin/../lib/gcc/arm-none-eabi/10.3.1/thumb/v7e-m+fp/hard/crtbegin.o
LOAD c:/st/stm32cubeide_1.9.0/stm32cubeide/plugins/com.st.stm32cube.ide.mcu.externaltools.gnu-tools-for-stm32.10.3-2021.10.win32_1.0.0.202111181127/tools/bin/../lib/gcc/arm-none-eabi/10.3.1/../../../../arm-none-eabi/lib/thumb/v7e-m+fp/hard/crt0.o
LOAD ./Core/Src/funksjoner.o
LOAD ./Core/Src/main.o
LOAD ./Core/Src/matrix_operations.o
LOAD ./Core/Src/pid.o
LOAD ./Core/Src/stm32f4xx_hal_msp.o
LOAD ./Core/Src/stm32f4xx_it.o
LOAD ./Core/Src/syscalls.o
LOAD ./Core/Src/sysmem.o
LOAD ./Core/Src/system_stm32f4xx.o
LOAD ./Core/Src/testfunksjoner.o
LOAD ./Core/Src/verdier.o
LOAD ./Core/Startup/startup_stm32f407vgtx.o
LOAD ./Drivers/STM32F4xx_HAL_Driver/Src/stm32f4xx_hal.o
LOAD ./Drivers/STM32F4xx_HAL_Driver/Src/stm32f4xx_hal_can.o
LOAD ./Drivers/STM32F4xx_HAL_Driver/Src/stm32f4xx_hal_cortex.o
LOAD ./Drivers/STM32F4xx_HAL_Driver/Src/stm32f4xx_hal_dma.o
LOAD ./Drivers/STM32F4xx_HAL_Driver/Src/stm32f4xx_hal_dma_ex.o
LOAD ./Drivers/STM32F4xx_HAL_Driver/Src/stm32f4xx_hal_exti.o
LOAD ./Drivers/STM32F4xx_HAL_Driver/Src/stm32f4xx_hal_flash.o
LOAD ./Drivers/STM32F4xx_HAL_Driver/Src/stm32f4xx_hal_flash_ex.o
LOAD ./Drivers/STM32F4xx_HAL_Driver/Src/stm32f4xx_hal_flash_ramfunc.o
LOAD ./Drivers/STM32F4xx_HAL_Driver/Src/stm32f4xx_hal_gpio.o
LOAD ./Drivers/STM32F4xx_HAL_Driver/Src/stm32f4xx_hal_hcd.o
LOAD ./Drivers/STM32F4xx_HAL_Driver/Src/stm32f4xx_hal_i2s.o
LOAD ./Drivers/STM32F4xx_HAL_Driver/Src/stm32f4xx_hal_i2s_ex.o
LOAD ./Drivers/STM32F4xx_HAL_Driver/Src/stm32f4xx_hal_pwr.o
LOAD ./Drivers/STM32F4xx_HAL_Driver/Src/stm32f4xx_hal_pwr_ex.o
LOAD ./Drivers/STM32F4xx_HAL_Driver/Src/stm32f4xx_hal_rcc.o
LOAD ./Drivers/STM32F4xx_HAL_Driver/Src/stm32f4xx_hal_rcc_ex.o
LOAD ./Drivers/STM32F4xx_HAL_Driver/Src/stm32f4xx_hal_tim.o
LOAD ./Drivers/STM32F4xx_HAL_Driver/Src/stm32f4xx_hal_tim_ex.o
LOAD ./Drivers/STM32F4xx_HAL_Driver/Src/stm32f4xx_ll_usb.o
LOAD ./Middlewares/ST/STM32_USB_Host_Library/Class/CDC/Src/usbh_cdc.o
LOAD ./Middlewares/ST/STM32_USB_Host_Library/Core/Src/usbh_core.o
LOAD ./Middlewares/ST/STM32_USB_Host_Library/Core/Src/usbh_ctlreq.o
LOAD ./Middlewares/ST/STM32_USB_Host_Library/Core/Src/usbh_ioreq.o
LOAD ./Middlewares/ST/STM32_USB_Host_Library/Core/Src/usbh_pipes.o
LOAD ./USB_HOST/App/usb_host.o
LOAD ./USB_HOST/Target/usbh_conf.o
LOAD ./USB_HOST/Target/usbh_platform.o
START GROUP
LOAD c:/st/stm32cubeide_1.9.0/stm32cubeide/plugins/com.st.stm32cube.ide.mcu.externaltools.gnu-tools-for-stm32.10.3-2021.10.win32_1.0.0.202111181127/tools/bin/../lib/gcc/arm-none-eabi/10.3.1/../../../../arm-none-eabi/lib/thumb/v7e-m+fp/hard\libc_nano.a
LOAD c:/st/stm32cubeide_1.9.0/stm32cubeide/plugins/com.st.stm32cube.ide.mcu.externaltools.gnu-tools-for-stm32.10.3-2021.10.win32_1.0.0.202111181127/tools/bin/../lib/gcc/arm-none-eabi/10.3.1/../../../../arm-none-eabi/lib/thumb/v7e-m+fp/hard\libm.a
END GROUP
START GROUP
LOAD c:/st/stm32cubeide_1.9.0/stm32cubeide/plugins/com.st.stm32cube.ide.mcu.externaltools.gnu-tools-for-stm32.10.3-2021.10.win32_1.0.0.202111181127/tools/bin/../lib/gcc/arm-none-eabi/10.3.1/thumb/v7e-m+fp/hard\libgcc.a
LOAD c:/st/stm32cubeide_1.9.0/stm32cubeide/plugins/com.st.stm32cube.ide.mcu.externaltools.gnu-tools-for-stm32.10.3-2021.10.win32_1.0.0.202111181127/tools/bin/../lib/gcc/arm-none-eabi/10.3.1/../../../../arm-none-eabi/lib/thumb/v7e-m+fp/hard\libc_nano.a
END GROUP
START GROUP
LOAD c:/st/stm32cubeide_1.9.0/stm32cubeide/plugins/com.st.stm32cube.ide.mcu.externaltools.gnu-tools-for-stm32.10.3-2021.10.win32_1.0.0.202111181127/tools/bin/../lib/gcc/arm-none-eabi/10.3.1/thumb/v7e-m+fp/hard\libgcc.a
LOAD c:/st/stm32cubeide_1.9.0/stm32cubeide/plugins/com.st.stm32cube.ide.mcu.externaltools.gnu-tools-for-stm32.10.3-2021.10.win32_1.0.0.202111181127/tools/bin/../lib/gcc/arm-none-eabi/10.3.1/../../../../arm-none-eabi/lib/thumb/v7e-m+fp/hard\libc_nano.a
LOAD c:/st/stm32cubeide_1.9.0/stm32cubeide/plugins/com.st.stm32cube.ide.mcu.externaltools.gnu-tools-for-stm32.10.3-2021.10.win32_1.0.0.202111181127/tools/bin/../lib/gcc/arm-none-eabi/10.3.1/../../../../arm-none-eabi/lib/thumb/v7e-m+fp/hard\libnosys.a
END GROUP
START GROUP
LOAD c:/st/stm32cubeide_1.9.0/stm32cubeide/plugins/com.st.stm32cube.ide.mcu.externaltools.gnu-tools-for-stm32.10.3-2021.10.win32_1.0.0.202111181127/tools/bin/../lib/gcc/arm-none-eabi/10.3.1/thumb/v7e-m+fp/hard\libgcc.a
LOAD c:/st/stm32cubeide_1.9.0/stm32cubeide/plugins/com.st.stm32cube.ide.mcu.externaltools.gnu-tools-for-stm32.10.3-2021.10.win32_1.0.0.202111181127/tools/bin/../lib/gcc/arm-none-eabi/10.3.1/../../../../arm-none-eabi/lib/thumb/v7e-m+fp/hard\libc_nano.a
LOAD c:/st/stm32cubeide_1.9.0/stm32cubeide/plugins/com.st.stm32cube.ide.mcu.externaltools.gnu-tools-for-stm32.10.3-2021.10.win32_1.0.0.202111181127/tools/bin/../lib/gcc/arm-none-eabi/10.3.1/../../../../arm-none-eabi/lib/thumb/v7e-m+fp/hard\libnosys.a
END GROUP
LOAD c:/st/stm32cubeide_1.9.0/stm32cubeide/plugins/com.st.stm32cube.ide.mcu.externaltools.gnu-tools-for-stm32.10.3-2021.10.win32_1.0.0.202111181127/tools/bin/../lib/gcc/arm-none-eabi/10.3.1/thumb/v7e-m+fp/hard/crtend.o
LOAD c:/st/stm32cubeide_1.9.0/stm32cubeide/plugins/com.st.stm32cube.ide.mcu.externaltools.gnu-tools-for-stm32.10.3-2021.10.win32_1.0.0.202111181127/tools/bin/../lib/gcc/arm-none-eabi/10.3.1/thumb/v7e-m+fp/hard/crtn.o
                0x0000000020020000                _estack = (ORIGIN (RAM) + LENGTH (RAM))
                0x0000000000000200                _Min_Heap_Size = 0x200
                0x0000000000000400                _Min_Stack_Size = 0x400

.isr_vector     0x0000000008000000      0x188
                0x0000000008000000                . = ALIGN (0x4)
 *(.isr_vector)
 .isr_vector    0x0000000008000000      0x188 ./Core/Startup/startup_stm32f407vgtx.o
                0x0000000008000000                g_pfnVectors
                0x0000000008000188                . = ALIGN (0x4)

.text           0x0000000008000188     0xb78c
                0x0000000008000188                . = ALIGN (0x4)
 *(.text)
 .text          0x0000000008000188       0x40 c:/st/stm32cubeide_1.9.0/stm32cubeide/plugins/com.st.stm32cube.ide.mcu.externaltools.gnu-tools-for-stm32.10.3-2021.10.win32_1.0.0.202111181127/tools/bin/../lib/gcc/arm-none-eabi/10.3.1/thumb/v7e-m+fp/hard/crtbegin.o
 .text          0x00000000080001c8      0x378 c:/st/stm32cubeide_1.9.0/stm32cubeide/plugins/com.st.stm32cube.ide.mcu.externaltools.gnu-tools-for-stm32.10.3-2021.10.win32_1.0.0.202111181127/tools/bin/../lib/gcc/arm-none-eabi/10.3.1/thumb/v7e-m+fp/hard\libgcc.a(_arm_addsubdf3.o)
                0x00000000080001c8                __aeabi_drsub
                0x00000000080001d0                __aeabi_dsub
                0x00000000080001d0                __subdf3
                0x00000000080001d4                __aeabi_dadd
                0x00000000080001d4                __adddf3
                0x000000000800044c                __floatunsidf
                0x000000000800044c                __aeabi_ui2d
                0x000000000800046c                __floatsidf
                0x000000000800046c                __aeabi_i2d
                0x0000000008000490                __aeabi_f2d
                0x0000000008000490                __extendsfdf2
                0x00000000080004d4                __floatundidf
                0x00000000080004d4                __aeabi_ul2d
                0x00000000080004e4                __floatdidf
                0x00000000080004e4                __aeabi_l2d
 .text          0x0000000008000540      0x424 c:/st/stm32cubeide_1.9.0/stm32cubeide/plugins/com.st.stm32cube.ide.mcu.externaltools.gnu-tools-for-stm32.10.3-2021.10.win32_1.0.0.202111181127/tools/bin/../lib/gcc/arm-none-eabi/10.3.1/thumb/v7e-m+fp/hard\libgcc.a(_arm_muldivdf3.o)
                0x0000000008000540                __aeabi_dmul
                0x0000000008000540                __muldf3
                0x0000000008000794                __divdf3
                0x0000000008000794                __aeabi_ddiv
 .text          0x0000000008000964      0x110 c:/st/stm32cubeide_1.9.0/stm32cubeide/plugins/com.st.stm32cube.ide.mcu.externaltools.gnu-tools-for-stm32.10.3-2021.10.win32_1.0.0.202111181127/tools/bin/../lib/gcc/arm-none-eabi/10.3.1/thumb/v7e-m+fp/hard\libgcc.a(_arm_cmpdf2.o)
                0x0000000008000964                __gtdf2
                0x0000000008000964                __gedf2
                0x000000000800096c                __ltdf2
                0x000000000800096c                __ledf2
                0x0000000008000974                __nedf2
                0x0000000008000974                __eqdf2
                0x0000000008000974                __cmpdf2
                0x00000000080009f0                __aeabi_cdrcmple
                0x0000000008000a00                __aeabi_cdcmpeq
                0x0000000008000a00                __aeabi_cdcmple
                0x0000000008000a10                __aeabi_dcmpeq
                0x0000000008000a24                __aeabi_dcmplt
                0x0000000008000a38                __aeabi_dcmple
                0x0000000008000a4c                __aeabi_dcmpge
                0x0000000008000a60                __aeabi_dcmpgt
 .text          0x0000000008000a74       0x2c c:/st/stm32cubeide_1.9.0/stm32cubeide/plugins/com.st.stm32cube.ide.mcu.externaltools.gnu-tools-for-stm32.10.3-2021.10.win32_1.0.0.202111181127/tools/bin/../lib/gcc/arm-none-eabi/10.3.1/thumb/v7e-m+fp/hard\libgcc.a(_arm_unorddf2.o)
                0x0000000008000a74                __unorddf2
                0x0000000008000a74                __aeabi_dcmpun
 .text          0x0000000008000aa0       0x50 c:/st/stm32cubeide_1.9.0/stm32cubeide/plugins/com.st.stm32cube.ide.mcu.externaltools.gnu-tools-for-stm32.10.3-2021.10.win32_1.0.0.202111181127/tools/bin/../lib/gcc/arm-none-eabi/10.3.1/thumb/v7e-m+fp/hard\libgcc.a(_arm_fixdfsi.o)
                0x0000000008000aa0                __aeabi_d2iz
                0x0000000008000aa0                __fixdfsi
 .text          0x0000000008000af0       0xa0 c:/st/stm32cubeide_1.9.0/stm32cubeide/plugins/com.st.stm32cube.ide.mcu.externaltools.gnu-tools-for-stm32.10.3-2021.10.win32_1.0.0.202111181127/tools/bin/../lib/gcc/arm-none-eabi/10.3.1/thumb/v7e-m+fp/hard\libgcc.a(_arm_truncdfsf2.o)
                0x0000000008000af0                __truncdfsf2
                0x0000000008000af0                __aeabi_d2f
 .text          0x0000000008000b90       0x30 c:/st/stm32cubeide_1.9.0/stm32cubeide/plugins/com.st.stm32cube.ide.mcu.externaltools.gnu-tools-for-stm32.10.3-2021.10.win32_1.0.0.202111181127/tools/bin/../lib/gcc/arm-none-eabi/10.3.1/thumb/v7e-m+fp/hard\libgcc.a(_aeabi_uldivmod.o)
                0x0000000008000b90                __aeabi_uldivmod
 .text          0x0000000008000bc0      0x2d0 c:/st/stm32cubeide_1.9.0/stm32cubeide/plugins/com.st.stm32cube.ide.mcu.externaltools.gnu-tools-for-stm32.10.3-2021.10.win32_1.0.0.202111181127/tools/bin/../lib/gcc/arm-none-eabi/10.3.1/thumb/v7e-m+fp/hard\libgcc.a(_udivmoddi4.o)
                0x0000000008000bc0                __udivmoddi4
 .text          0x0000000008000e90        0x4 c:/st/stm32cubeide_1.9.0/stm32cubeide/plugins/com.st.stm32cube.ide.mcu.externaltools.gnu-tools-for-stm32.10.3-2021.10.win32_1.0.0.202111181127/tools/bin/../lib/gcc/arm-none-eabi/10.3.1/thumb/v7e-m+fp/hard\libgcc.a(_dvmd_tls.o)
                0x0000000008000e90                __aeabi_idiv0
                0x0000000008000e90                __aeabi_ldiv0
 *(.text*)
 .text.oppdater_styrebidrag
                0x0000000008000e94      0x338 ./Core/Src/funksjoner.o
                0x0000000008000e94                oppdater_styrebidrag
 .text.thrust_filtering
                0x00000000080011cc      0x288 ./Core/Src/funksjoner.o
                0x00000000080011cc                thrust_filtering
 .text.thruster_retning_korreksjon
                0x0000000008001454      0x2a8 ./Core/Src/funksjoner.o
                0x0000000008001454                thruster_retning_korreksjon
 .text.skaler_paadrag
                0x00000000080016fc      0x288 ./Core/Src/funksjoner.o
                0x00000000080016fc                skaler_paadrag
 .text.skriv_thruster_PWM
                0x0000000008001984       0x40 ./Core/Src/funksjoner.o
                0x0000000008001984                skriv_thruster_PWM
 .text.skriv_manipulator_PWM
                0x00000000080019c4       0xe8 ./Core/Src/funksjoner.o
                0x00000000080019c4                skriv_manipulator_PWM
 .text.manipulator_styring
                0x0000000008001aac      0x228 ./Core/Src/funksjoner.o
                0x0000000008001aac                manipulator_styring
 *fill*         0x0000000008001cd4        0x4 
 .text.effekt_kontroll
                0x0000000008001cd8       0x40 ./Core/Src/funksjoner.o
                0x0000000008001cd8                effekt_kontroll
 .text.ESC_status
                0x0000000008001d18       0xd0 ./Core/Src/funksjoner.o
                0x0000000008001d18                ESC_status
 .text.sjekk_brytertrykk
                0x0000000008001de8       0x30 ./Core/Src/funksjoner.o
                0x0000000008001de8                sjekk_brytertrykk
 .text.oppdater_ledlys
                0x0000000008001e18      0x194 ./Core/Src/funksjoner.o
                0x0000000008001e18                oppdater_ledlys
 *fill*         0x0000000008001fac        0x4 
 .text.kg_til_paadrag
                0x0000000008001fb0       0xa8 ./Core/Src/funksjoner.o
                0x0000000008001fb0                kg_til_paadrag
 .text.add_contribution
                0x0000000008002058       0x90 ./Core/Src/funksjoner.o
                0x0000000008002058                add_contribution
 .text.behandle_paadrag
                0x00000000080020e8      0x26c ./Core/Src/funksjoner.o
                0x00000000080020e8                behandle_paadrag
 .text.NED2BFF  0x0000000008002354      0x126 ./Core/Src/funksjoner.o
                0x0000000008002354                NED2BFF
 *fill*         0x000000000800247a        0x6 
 .text.thrust2percent
                0x0000000008002480       0xd8 ./Core/Src/funksjoner.o
                0x0000000008002480                thrust2percent
 .text.BFF2ThrustPercent
                0x0000000008002558       0xb4 ./Core/Src/funksjoner.o
                0x0000000008002558                BFF2ThrustPercent
 *fill*         0x000000000800260c        0x4 
 .text.calc_acceleration_smc
                0x0000000008002610      0x330 ./Core/Src/funksjoner.o
                0x0000000008002610                calc_acceleration_smc
 .text.step_machine
                0x0000000008002940      0x1dc ./Core/Src/funksjoner.o
                0x0000000008002940                step_machine
 .text.oppstartCAN
                0x0000000008002b1c       0x5c ./Core/Src/main.o
                0x0000000008002b1c                oppstartCAN
 .text.sendDataCAN
                0x0000000008002b78       0x20 ./Core/Src/main.o
                0x0000000008002b78                sendDataCAN
 .text.SystemClock_Config
                0x0000000008002b98       0xa8 ./Core/Src/main.o
                0x0000000008002b98                SystemClock_Config
 .text.GPIO_setup
                0x0000000008002c40       0x28 ./Core/Src/main.o
                0x0000000008002c40                GPIO_setup
 .text.main     0x0000000008002c68      0x91c ./Core/Src/main.o
                0x0000000008002c68                main
 *fill*         0x0000000008003584        0x4 
 .text.HAL_CAN_RxFifo0MsgPendingCallback
                0x0000000008003588      0x39c ./Core/Src/main.o
                0x0000000008003588                HAL_CAN_RxFifo0MsgPendingCallback
 .text.Error_Handler
                0x0000000008003924        0x4 ./Core/Src/main.o
                0x0000000008003924                Error_Handler
 .text.assign_matrix_data
                0x0000000008003928       0x7a ./Core/Src/matrix_operations.o
                0x0000000008003928                assign_matrix_data
 *fill*         0x00000000080039a2        0x2 
 .text.stamp_regulator
                0x00000000080039a4      0x134 ./Core/Src/pid.o
                0x00000000080039a4                stamp_regulator
 .text.rull_regulator
                0x0000000008003ad8      0x134 ./Core/Src/pid.o
                0x0000000008003ad8                rull_regulator
 .text.hiv_regulator
                0x0000000008003c0c      0x128 ./Core/Src/pid.o
                0x0000000008003c0c                hiv_regulator
 .text.pid      0x0000000008003d34       0x98 ./Core/Src/pid.o
                0x0000000008003d34                pid
 .text.smc      0x0000000008003dcc      0x16c ./Core/Src/pid.o
                0x0000000008003dcc                smc
 .text.lqr      0x0000000008003f38      0x1c8 ./Core/Src/pid.o
                0x0000000008003f38                lqr
 .text.HAL_MspInit
                0x0000000008004100       0x40 ./Core/Src/stm32f4xx_hal_msp.o
                0x0000000008004100                HAL_MspInit
 .text.HAL_CAN_MspInit
                0x0000000008004140       0x7c ./Core/Src/stm32f4xx_hal_msp.o
                0x0000000008004140                HAL_CAN_MspInit
 .text.HAL_I2S_MspInit
                0x00000000080041bc       0xbc ./Core/Src/stm32f4xx_hal_msp.o
                0x00000000080041bc                HAL_I2S_MspInit
 .text.HAL_TIM_Base_MspInit
                0x0000000008004278       0x74 ./Core/Src/stm32f4xx_hal_msp.o
                0x0000000008004278                HAL_TIM_Base_MspInit
 .text.HAL_TIM_MspPostInit
                0x00000000080042ec      0x12c ./Core/Src/stm32f4xx_hal_msp.o
                0x00000000080042ec                HAL_TIM_MspPostInit
 .text.NMI_Handler
                0x0000000008004418        0x2 ./Core/Src/stm32f4xx_it.o
                0x0000000008004418                NMI_Handler
 .text.HardFault_Handler
                0x000000000800441a        0x2 ./Core/Src/stm32f4xx_it.o
                0x000000000800441a                HardFault_Handler
 .text.MemManage_Handler
                0x000000000800441c        0x2 ./Core/Src/stm32f4xx_it.o
                0x000000000800441c                MemManage_Handler
 .text.BusFault_Handler
                0x000000000800441e        0x2 ./Core/Src/stm32f4xx_it.o
                0x000000000800441e                BusFault_Handler
 .text.UsageFault_Handler
                0x0000000008004420        0x2 ./Core/Src/stm32f4xx_it.o
                0x0000000008004420                UsageFault_Handler
 .text.SVC_Handler
                0x0000000008004422        0x2 ./Core/Src/stm32f4xx_it.o
                0x0000000008004422                SVC_Handler
 .text.DebugMon_Handler
                0x0000000008004424        0x2 ./Core/Src/stm32f4xx_it.o
                0x0000000008004424                DebugMon_Handler
 .text.PendSV_Handler
                0x0000000008004426        0x2 ./Core/Src/stm32f4xx_it.o
                0x0000000008004426                PendSV_Handler
 .text.SysTick_Handler
                0x0000000008004428      0x290 ./Core/Src/stm32f4xx_it.o
                0x0000000008004428                SysTick_Handler
 .text.CAN1_RX0_IRQHandler
                0x00000000080046b8       0x10 ./Core/Src/stm32f4xx_it.o
                0x00000000080046b8                CAN1_RX0_IRQHandler
 .text.OTG_FS_IRQHandler
                0x00000000080046c8       0x10 ./Core/Src/stm32f4xx_it.o
                0x00000000080046c8                OTG_FS_IRQHandler
 .text._exit    0x00000000080046d8        0xc ./Core/Src/syscalls.o
                0x00000000080046d8                _exit
 .text._sbrk    0x00000000080046e4       0x48 ./Core/Src/sysmem.o
                0x00000000080046e4                _sbrk
 .text.SystemInit
                0x000000000800472c       0x14 ./Core/Src/system_stm32f4xx.o
                0x000000000800472c                SystemInit
 .text.test_thruster
                0x0000000008004740       0x90 ./Core/Src/testfunksjoner.o
                0x0000000008004740                test_thruster
 .text.oppstartsverdier
                0x00000000080047d0      0x61c ./Core/Src/verdier.o
                0x00000000080047d0                oppstartsverdier
 .text.reset_pid_values
                0x0000000008004dec        0xa ./Core/Src/verdier.o
                0x0000000008004dec                reset_pid_values
 .text.reset_lqr_values
                0x0000000008004df6       0x10 ./Core/Src/verdier.o
                0x0000000008004df6                reset_lqr_values
 .text.reset_smc_values
                0x0000000008004e06        0xc ./Core/Src/verdier.o
                0x0000000008004e06                reset_smc_values
 *fill*         0x0000000008004e12        0x2 
 .text.oppdater_parameter
                0x0000000008004e14      0x78c ./Core/Src/verdier.o
                0x0000000008004e14                oppdater_parameter
 .text.Reset_Handler
                0x00000000080055a0       0x50 ./Core/Startup/startup_stm32f407vgtx.o
                0x00000000080055a0                Reset_Handler
 .text.Default_Handler
                0x00000000080055f0        0x2 ./Core/Startup/startup_stm32f407vgtx.o
                0x00000000080055f0                RTC_Alarm_IRQHandler
                0x00000000080055f0                HASH_RNG_IRQHandler
                0x00000000080055f0                EXTI2_IRQHandler
                0x00000000080055f0                TIM8_CC_IRQHandler
                0x00000000080055f0                TIM1_CC_IRQHandler
                0x00000000080055f0                DMA2_Stream5_IRQHandler
                0x00000000080055f0                DMA1_Stream5_IRQHandler
                0x00000000080055f0                PVD_IRQHandler
                0x00000000080055f0                SDIO_IRQHandler
                0x00000000080055f0                TAMP_STAMP_IRQHandler
                0x00000000080055f0                CAN2_RX1_IRQHandler
                0x00000000080055f0                EXTI3_IRQHandler
                0x00000000080055f0                TIM8_TRG_COM_TIM14_IRQHandler
                0x00000000080055f0                TIM1_UP_TIM10_IRQHandler
                0x00000000080055f0                TIM8_UP_TIM13_IRQHandler
                0x00000000080055f0                I2C3_ER_IRQHandler
                0x00000000080055f0                EXTI0_IRQHandler
                0x00000000080055f0                I2C2_EV_IRQHandler
                0x00000000080055f0                DMA1_Stream2_IRQHandler
                0x00000000080055f0                FPU_IRQHandler
                0x00000000080055f0                OTG_HS_WKUP_IRQHandler
                0x00000000080055f0                CAN2_SCE_IRQHandler
                0x00000000080055f0                DMA2_Stream2_IRQHandler
                0x00000000080055f0                SPI1_IRQHandler
                0x00000000080055f0                TIM6_DAC_IRQHandler
                0x00000000080055f0                TIM1_BRK_TIM9_IRQHandler
                0x00000000080055f0                DCMI_IRQHandler
                0x00000000080055f0                CAN2_RX0_IRQHandler
                0x00000000080055f0                DMA2_Stream3_IRQHandler
                0x00000000080055f0                USART6_IRQHandler
                0x00000000080055f0                USART3_IRQHandler
                0x00000000080055f0                CAN1_RX1_IRQHandler
                0x00000000080055f0                UART5_IRQHandler
                0x00000000080055f0                DMA2_Stream0_IRQHandler
                0x00000000080055f0                TIM4_IRQHandler
                0x00000000080055f0                I2C1_EV_IRQHandler
                0x00000000080055f0                DMA1_Stream6_IRQHandler
                0x00000000080055f0                DMA1_Stream1_IRQHandler
                0x00000000080055f0                UART4_IRQHandler
                0x00000000080055f0                TIM3_IRQHandler
                0x00000000080055f0                RCC_IRQHandler
                0x00000000080055f0                TIM8_BRK_TIM12_IRQHandler
                0x00000000080055f0                Default_Handler
                0x00000000080055f0                EXTI15_10_IRQHandler
                0x00000000080055f0                ADC_IRQHandler
                0x00000000080055f0                DMA1_Stream7_IRQHandler
                0x00000000080055f0                TIM7_IRQHandler
                0x00000000080055f0                CAN2_TX_IRQHandler
                0x00000000080055f0                TIM5_IRQHandler
                0x00000000080055f0                DMA2_Stream7_IRQHandler
                0x00000000080055f0                I2C3_EV_IRQHandler
                0x00000000080055f0                EXTI9_5_IRQHandler
                0x00000000080055f0                RTC_WKUP_IRQHandler
                0x00000000080055f0                ETH_WKUP_IRQHandler
                0x00000000080055f0                SPI2_IRQHandler
                0x00000000080055f0                OTG_HS_EP1_IN_IRQHandler
                0x00000000080055f0                DMA1_Stream0_IRQHandler
                0x00000000080055f0                CAN1_TX_IRQHandler
                0x00000000080055f0                EXTI4_IRQHandler
                0x00000000080055f0                FSMC_IRQHandler
                0x00000000080055f0                ETH_IRQHandler
                0x00000000080055f0                OTG_HS_EP1_OUT_IRQHandler
                0x00000000080055f0                WWDG_IRQHandler
                0x00000000080055f0                TIM2_IRQHandler
                0x00000000080055f0                OTG_FS_WKUP_IRQHandler
                0x00000000080055f0                TIM1_TRG_COM_TIM11_IRQHandler
                0x00000000080055f0                OTG_HS_IRQHandler
                0x00000000080055f0                EXTI1_IRQHandler
                0x00000000080055f0                USART2_IRQHandler
                0x00000000080055f0                I2C2_ER_IRQHandler
                0x00000000080055f0                DMA2_Stream1_IRQHandler
                0x00000000080055f0                CAN1_SCE_IRQHandler
                0x00000000080055f0                FLASH_IRQHandler
                0x00000000080055f0                DMA2_Stream4_IRQHandler
                0x00000000080055f0                USART1_IRQHandler
                0x00000000080055f0                SPI3_IRQHandler
                0x00000000080055f0                DMA1_Stream4_IRQHandler
                0x00000000080055f0                I2C1_ER_IRQHandler
                0x00000000080055f0                DMA2_Stream6_IRQHandler
                0x00000000080055f0                DMA1_Stream3_IRQHandler
 *fill*         0x00000000080055f2        0x2 
 .text.HAL_InitTick
                0x00000000080055f4       0x4c ./Drivers/STM32F4xx_HAL_Driver/Src/stm32f4xx_hal.o
                0x00000000080055f4                HAL_InitTick
 .text.HAL_Init
                0x0000000008005640       0x34 ./Drivers/STM32F4xx_HAL_Driver/Src/stm32f4xx_hal.o
                0x0000000008005640                HAL_Init
 .text.HAL_IncTick
                0x0000000008005674       0x18 ./Drivers/STM32F4xx_HAL_Driver/Src/stm32f4xx_hal.o
                0x0000000008005674                HAL_IncTick
 .text.HAL_GetTick
                0x000000000800568c        0xc ./Drivers/STM32F4xx_HAL_Driver/Src/stm32f4xx_hal.o
                0x000000000800568c                HAL_GetTick
 .text.HAL_Delay
                0x0000000008005698       0x28 ./Drivers/STM32F4xx_HAL_Driver/Src/stm32f4xx_hal.o
                0x0000000008005698                HAL_Delay
 .text.HAL_CAN_Init
                0x00000000080056c0      0x11e ./Drivers/STM32F4xx_HAL_Driver/Src/stm32f4xx_hal_can.o
                0x00000000080056c0                HAL_CAN_Init
 *fill*         0x00000000080057de        0x2 
 .text.HAL_CAN_ConfigFilter
                0x00000000080057e0      0x138 ./Drivers/STM32F4xx_HAL_Driver/Src/stm32f4xx_hal_can.o
                0x00000000080057e0                HAL_CAN_ConfigFilter
 .text.HAL_CAN_Start
                0x0000000008005918       0x5c ./Drivers/STM32F4xx_HAL_Driver/Src/stm32f4xx_hal_can.o
                0x0000000008005918                HAL_CAN_Start
 .text.HAL_CAN_AddTxMessage
                0x0000000008005974      0x100 ./Drivers/STM32F4xx_HAL_Driver/Src/stm32f4xx_hal_can.o
                0x0000000008005974                HAL_CAN_AddTxMessage
 .text.HAL_CAN_GetRxMessage
                0x0000000008005a74      0x144 ./Drivers/STM32F4xx_HAL_Driver/Src/stm32f4xx_hal_can.o
                0x0000000008005a74                HAL_CAN_GetRxMessage
 .text.HAL_CAN_ActivateNotification
                0x0000000008005bb8       0x24 ./Drivers/STM32F4xx_HAL_Driver/Src/stm32f4xx_hal_can.o
                0x0000000008005bb8                HAL_CAN_ActivateNotification
 .text.HAL_CAN_TxMailbox0CompleteCallback
                0x0000000008005bdc        0x2 ./Drivers/STM32F4xx_HAL_Driver/Src/stm32f4xx_hal_can.o
                0x0000000008005bdc                HAL_CAN_TxMailbox0CompleteCallback
 .text.HAL_CAN_TxMailbox1CompleteCallback
                0x0000000008005bde        0x2 ./Drivers/STM32F4xx_HAL_Driver/Src/stm32f4xx_hal_can.o
                0x0000000008005bde                HAL_CAN_TxMailbox1CompleteCallback
 .text.HAL_CAN_TxMailbox2CompleteCallback
                0x0000000008005be0        0x2 ./Drivers/STM32F4xx_HAL_Driver/Src/stm32f4xx_hal_can.o
                0x0000000008005be0                HAL_CAN_TxMailbox2CompleteCallback
 .text.HAL_CAN_TxMailbox0AbortCallback
                0x0000000008005be2        0x2 ./Drivers/STM32F4xx_HAL_Driver/Src/stm32f4xx_hal_can.o
                0x0000000008005be2                HAL_CAN_TxMailbox0AbortCallback
 .text.HAL_CAN_TxMailbox1AbortCallback
                0x0000000008005be4        0x2 ./Drivers/STM32F4xx_HAL_Driver/Src/stm32f4xx_hal_can.o
                0x0000000008005be4                HAL_CAN_TxMailbox1AbortCallback
 .text.HAL_CAN_TxMailbox2AbortCallback
                0x0000000008005be6        0x2 ./Drivers/STM32F4xx_HAL_Driver/Src/stm32f4xx_hal_can.o
                0x0000000008005be6                HAL_CAN_TxMailbox2AbortCallback
 .text.HAL_CAN_RxFifo0FullCallback
                0x0000000008005be8        0x2 ./Drivers/STM32F4xx_HAL_Driver/Src/stm32f4xx_hal_can.o
                0x0000000008005be8                HAL_CAN_RxFifo0FullCallback
 .text.HAL_CAN_RxFifo1MsgPendingCallback
                0x0000000008005bea        0x2 ./Drivers/STM32F4xx_HAL_Driver/Src/stm32f4xx_hal_can.o
                0x0000000008005bea                HAL_CAN_RxFifo1MsgPendingCallback
 .text.HAL_CAN_RxFifo1FullCallback
                0x0000000008005bec        0x2 ./Drivers/STM32F4xx_HAL_Driver/Src/stm32f4xx_hal_can.o
                0x0000000008005bec                HAL_CAN_RxFifo1FullCallback
 .text.HAL_CAN_SleepCallback
                0x0000000008005bee        0x2 ./Drivers/STM32F4xx_HAL_Driver/Src/stm32f4xx_hal_can.o
                0x0000000008005bee                HAL_CAN_SleepCallback
 .text.HAL_CAN_WakeUpFromRxMsgCallback
                0x0000000008005bf0        0x2 ./Drivers/STM32F4xx_HAL_Driver/Src/stm32f4xx_hal_can.o
                0x0000000008005bf0                HAL_CAN_WakeUpFromRxMsgCallback
 .text.HAL_CAN_ErrorCallback
                0x0000000008005bf2        0x2 ./Drivers/STM32F4xx_HAL_Driver/Src/stm32f4xx_hal_can.o
                0x0000000008005bf2                HAL_CAN_ErrorCallback
 .text.HAL_CAN_IRQHandler
                0x0000000008005bf4      0x24c ./Drivers/STM32F4xx_HAL_Driver/Src/stm32f4xx_hal_can.o
                0x0000000008005bf4                HAL_CAN_IRQHandler
 .text.HAL_NVIC_SetPriorityGrouping
                0x0000000008005e40       0x24 ./Drivers/STM32F4xx_HAL_Driver/Src/stm32f4xx_hal_cortex.o
                0x0000000008005e40                HAL_NVIC_SetPriorityGrouping
 .text.HAL_NVIC_SetPriority
                0x0000000008005e64       0x6c ./Drivers/STM32F4xx_HAL_Driver/Src/stm32f4xx_hal_cortex.o
                0x0000000008005e64                HAL_NVIC_SetPriority
 .text.HAL_NVIC_EnableIRQ
                0x0000000008005ed0       0x1c ./Drivers/STM32F4xx_HAL_Driver/Src/stm32f4xx_hal_cortex.o
                0x0000000008005ed0                HAL_NVIC_EnableIRQ
 .text.HAL_SYSTICK_Config
                0x0000000008005eec       0x28 ./Drivers/STM32F4xx_HAL_Driver/Src/stm32f4xx_hal_cortex.o
                0x0000000008005eec                HAL_SYSTICK_Config
 .text.HAL_GPIO_Init
                0x0000000008005f14      0x20c ./Drivers/STM32F4xx_HAL_Driver/Src/stm32f4xx_hal_gpio.o
                0x0000000008005f14                HAL_GPIO_Init
 .text.HAL_GPIO_WritePin
                0x0000000008006120        0xc ./Drivers/STM32F4xx_HAL_Driver/Src/stm32f4xx_hal_gpio.o
                0x0000000008006120                HAL_GPIO_WritePin
 .text.HAL_HCD_HC_Init
                0x000000000800612c       0x6a ./Drivers/STM32F4xx_HAL_Driver/Src/stm32f4xx_hal_hcd.o
                0x000000000800612c                HAL_HCD_HC_Init
 .text.HAL_HCD_HC_Halt
                0x0000000008006196       0x24 ./Drivers/STM32F4xx_HAL_Driver/Src/stm32f4xx_hal_hcd.o
                0x0000000008006196                HAL_HCD_HC_Halt
 .text.HAL_HCD_Init
                0x00000000080061ba       0xa4 ./Drivers/STM32F4xx_HAL_Driver/Src/stm32f4xx_hal_hcd.o
                0x00000000080061ba                HAL_HCD_Init
 .text.HAL_HCD_HC_SubmitRequest
                0x000000000800625e      0x176 ./Drivers/STM32F4xx_HAL_Driver/Src/stm32f4xx_hal_hcd.o
                0x000000000800625e                HAL_HCD_HC_SubmitRequest
 .text.HAL_HCD_IRQHandler
                0x00000000080063d4      0x7be ./Drivers/STM32F4xx_HAL_Driver/Src/stm32f4xx_hal_hcd.o
                0x00000000080063d4                HAL_HCD_IRQHandler
 .text.HAL_HCD_Start
                0x0000000008006b92       0x2a ./Drivers/STM32F4xx_HAL_Driver/Src/stm32f4xx_hal_hcd.o
                0x0000000008006b92                HAL_HCD_Start
 .text.HAL_HCD_Stop
                0x0000000008006bbc       0x24 ./Drivers/STM32F4xx_HAL_Driver/Src/stm32f4xx_hal_hcd.o
                0x0000000008006bbc                HAL_HCD_Stop
 .text.HAL_HCD_ResetPort
                0x0000000008006be0        0xa ./Drivers/STM32F4xx_HAL_Driver/Src/stm32f4xx_hal_hcd.o
                0x0000000008006be0                HAL_HCD_ResetPort
 .text.HAL_HCD_HC_GetURBState
                0x0000000008006bea        0xc ./Drivers/STM32F4xx_HAL_Driver/Src/stm32f4xx_hal_hcd.o
                0x0000000008006bea                HAL_HCD_HC_GetURBState
 .text.HAL_HCD_HC_GetXferCount
                0x0000000008006bf6        0xa ./Drivers/STM32F4xx_HAL_Driver/Src/stm32f4xx_hal_hcd.o
                0x0000000008006bf6                HAL_HCD_HC_GetXferCount
 .text.HAL_HCD_GetCurrentFrame
                0x0000000008006c00        0xa ./Drivers/STM32F4xx_HAL_Driver/Src/stm32f4xx_hal_hcd.o
                0x0000000008006c00                HAL_HCD_GetCurrentFrame
 .text.HAL_HCD_GetCurrentSpeed
                0x0000000008006c0a        0xa ./Drivers/STM32F4xx_HAL_Driver/Src/stm32f4xx_hal_hcd.o
                0x0000000008006c0a                HAL_HCD_GetCurrentSpeed
 .text.HAL_I2S_Init
                0x0000000008006c14      0x184 ./Drivers/STM32F4xx_HAL_Driver/Src/stm32f4xx_hal_i2s.o
                0x0000000008006c14                HAL_I2S_Init
 .text.HAL_I2S_TxCpltCallback
                0x0000000008006d98        0x2 ./Drivers/STM32F4xx_HAL_Driver/Src/stm32f4xx_hal_i2s.o
                0x0000000008006d98                HAL_I2S_TxCpltCallback
 .text.HAL_I2S_RxCpltCallback
                0x0000000008006d9a        0x2 ./Drivers/STM32F4xx_HAL_Driver/Src/stm32f4xx_hal_i2s.o
                0x0000000008006d9a                HAL_I2S_RxCpltCallback
 .text.HAL_I2S_ErrorCallback
                0x0000000008006d9c        0x2 ./Drivers/STM32F4xx_HAL_Driver/Src/stm32f4xx_hal_i2s.o
                0x0000000008006d9c                HAL_I2S_ErrorCallback
 .text.I2S_IRQHandler
                0x0000000008006d9e      0x128 ./Drivers/STM32F4xx_HAL_Driver/Src/stm32f4xx_hal_i2s.o
 .text.HAL_I2SEx_TxRxCpltCallback
                0x0000000008006ec6        0x2 ./Drivers/STM32F4xx_HAL_Driver/Src/stm32f4xx_hal_i2s_ex.o
                0x0000000008006ec6                HAL_I2SEx_TxRxCpltCallback
 .text.HAL_I2SEx_FullDuplex_IRQHandler
                0x0000000008006ec8      0x2c0 ./Drivers/STM32F4xx_HAL_Driver/Src/stm32f4xx_hal_i2s_ex.o
                0x0000000008006ec8                HAL_I2SEx_FullDuplex_IRQHandler
 .text.HAL_RCC_OscConfig
                0x0000000008007188      0x3f8 ./Drivers/STM32F4xx_HAL_Driver/Src/stm32f4xx_hal_rcc.o
                0x0000000008007188                HAL_RCC_OscConfig
 .text.HAL_RCC_GetSysClockFreq
                0x0000000008007580       0xd4 ./Drivers/STM32F4xx_HAL_Driver/Src/stm32f4xx_hal_rcc.o
                0x0000000008007580                HAL_RCC_GetSysClockFreq
 .text.HAL_RCC_ClockConfig
                0x0000000008007654      0x164 ./Drivers/STM32F4xx_HAL_Driver/Src/stm32f4xx_hal_rcc.o
                0x0000000008007654                HAL_RCC_ClockConfig
 .text.HAL_RCCEx_PeriphCLKConfig
                0x00000000080077b8      0x154 ./Drivers/STM32F4xx_HAL_Driver/Src/stm32f4xx_hal_rcc_ex.o
                0x00000000080077b8                HAL_RCCEx_PeriphCLKConfig
 .text.HAL_RCCEx_GetPeriphCLKFreq
                0x000000000800790c       0x58 ./Drivers/STM32F4xx_HAL_Driver/Src/stm32f4xx_hal_rcc_ex.o
                0x000000000800790c                HAL_RCCEx_GetPeriphCLKFreq
 .text.TIM_OC1_SetConfig
                0x0000000008007964       0x6c ./Drivers/STM32F4xx_HAL_Driver/Src/stm32f4xx_hal_tim.o
 .text.TIM_OC3_SetConfig
                0x00000000080079d0       0x70 ./Drivers/STM32F4xx_HAL_Driver/Src/stm32f4xx_hal_tim.o
 .text.TIM_OC4_SetConfig
                0x0000000008007a40       0x50 ./Drivers/STM32F4xx_HAL_Driver/Src/stm32f4xx_hal_tim.o
 .text.HAL_TIM_OC_MspInit
                0x0000000008007a90        0x2 ./Drivers/STM32F4xx_HAL_Driver/Src/stm32f4xx_hal_tim.o
                0x0000000008007a90                HAL_TIM_OC_MspInit
 .text.HAL_TIM_PWM_MspInit
                0x0000000008007a92        0x2 ./Drivers/STM32F4xx_HAL_Driver/Src/stm32f4xx_hal_tim.o
                0x0000000008007a92                HAL_TIM_PWM_MspInit
 .text.TIM_Base_SetConfig
                0x0000000008007a94      0x108 ./Drivers/STM32F4xx_HAL_Driver/Src/stm32f4xx_hal_tim.o
                0x0000000008007a94                TIM_Base_SetConfig
 .text.HAL_TIM_Base_Init
                0x0000000008007b9c       0x58 ./Drivers/STM32F4xx_HAL_Driver/Src/stm32f4xx_hal_tim.o
                0x0000000008007b9c                HAL_TIM_Base_Init
 .text.HAL_TIM_OC_Init
                0x0000000008007bf4       0x58 ./Drivers/STM32F4xx_HAL_Driver/Src/stm32f4xx_hal_tim.o
                0x0000000008007bf4                HAL_TIM_OC_Init
 .text.HAL_TIM_PWM_Init
                0x0000000008007c4c       0x58 ./Drivers/STM32F4xx_HAL_Driver/Src/stm32f4xx_hal_tim.o
                0x0000000008007c4c                HAL_TIM_PWM_Init
 .text.TIM_OC2_SetConfig
                0x0000000008007ca4       0x74 ./Drivers/STM32F4xx_HAL_Driver/Src/stm32f4xx_hal_tim.o
                0x0000000008007ca4                TIM_OC2_SetConfig
 .text.HAL_TIM_OC_ConfigChannel
                0x0000000008007d18       0x5e ./Drivers/STM32F4xx_HAL_Driver/Src/stm32f4xx_hal_tim.o
                0x0000000008007d18                HAL_TIM_OC_ConfigChannel
 .text.HAL_TIM_PWM_ConfigChannel
                0x0000000008007d76       0xdc ./Drivers/STM32F4xx_HAL_Driver/Src/stm32f4xx_hal_tim.o
                0x0000000008007d76                HAL_TIM_PWM_ConfigChannel
 .text.TIM_ETR_SetConfig
                0x0000000008007e52       0x1a ./Drivers/STM32F4xx_HAL_Driver/Src/stm32f4xx_hal_tim.o
                0x0000000008007e52                TIM_ETR_SetConfig
 .text.HAL_TIM_ConfigClockSource
                0x0000000008007e6c      0x16a ./Drivers/STM32F4xx_HAL_Driver/Src/stm32f4xx_hal_tim.o
                0x0000000008007e6c                HAL_TIM_ConfigClockSource
 .text.TIM_CCxChannelCmd
                0x0000000008007fd6       0x1e ./Drivers/STM32F4xx_HAL_Driver/Src/stm32f4xx_hal_tim.o
                0x0000000008007fd6                TIM_CCxChannelCmd
 .text.HAL_TIM_PWM_Start
                0x0000000008007ff4       0xf4 ./Drivers/STM32F4xx_HAL_Driver/Src/stm32f4xx_hal_tim.o
                0x0000000008007ff4                HAL_TIM_PWM_Start
 .text.HAL_TIMEx_MasterConfigSynchronization
                0x00000000080080e8       0x88 ./Drivers/STM32F4xx_HAL_Driver/Src/stm32f4xx_hal_tim_ex.o
                0x00000000080080e8                HAL_TIMEx_MasterConfigSynchronization
 .text.USB_CoreReset
                0x0000000008008170       0x50 ./Drivers/STM32F4xx_HAL_Driver/Src/stm32f4xx_ll_usb.o
 .text.USB_CoreInit
                0x00000000080081c0       0x8a ./Drivers/STM32F4xx_HAL_Driver/Src/stm32f4xx_ll_usb.o
                0x00000000080081c0                USB_CoreInit
 .text.USB_EnableGlobalInt
                0x000000000800824a        0xc ./Drivers/STM32F4xx_HAL_Driver/Src/stm32f4xx_ll_usb.o
                0x000000000800824a                USB_EnableGlobalInt
 .text.USB_DisableGlobalInt
                0x0000000008008256        0xc ./Drivers/STM32F4xx_HAL_Driver/Src/stm32f4xx_ll_usb.o
                0x0000000008008256                USB_DisableGlobalInt
 .text.USB_SetCurrentMode
                0x0000000008008262       0x62 ./Drivers/STM32F4xx_HAL_Driver/Src/stm32f4xx_ll_usb.o
                0x0000000008008262                USB_SetCurrentMode
 .text.USB_FlushTxFifo
                0x00000000080082c4       0x50 ./Drivers/STM32F4xx_HAL_Driver/Src/stm32f4xx_ll_usb.o
                0x00000000080082c4                USB_FlushTxFifo
 .text.USB_FlushRxFifo
                0x0000000008008314       0x4c ./Drivers/STM32F4xx_HAL_Driver/Src/stm32f4xx_ll_usb.o
                0x0000000008008314                USB_FlushRxFifo
 .text.USB_WritePacket
                0x0000000008008360       0x2e ./Drivers/STM32F4xx_HAL_Driver/Src/stm32f4xx_ll_usb.o
                0x0000000008008360                USB_WritePacket
 .text.USB_ReadPacket
                0x000000000800838e       0x4a ./Drivers/STM32F4xx_HAL_Driver/Src/stm32f4xx_ll_usb.o
                0x000000000800838e                USB_ReadPacket
 .text.USB_ReadInterrupts
                0x00000000080083d8        0x8 ./Drivers/STM32F4xx_HAL_Driver/Src/stm32f4xx_ll_usb.o
                0x00000000080083d8                USB_ReadInterrupts
 .text.USB_GetMode
                0x00000000080083e0        0x8 ./Drivers/STM32F4xx_HAL_Driver/Src/stm32f4xx_ll_usb.o
                0x00000000080083e0                USB_GetMode
 .text.USB_HostInit
                0x00000000080083e8       0xec ./Drivers/STM32F4xx_HAL_Driver/Src/stm32f4xx_ll_usb.o
                0x00000000080083e8                USB_HostInit
 .text.USB_InitFSLSPClkSel
                0x00000000080084d4       0x3c ./Drivers/STM32F4xx_HAL_Driver/Src/stm32f4xx_ll_usb.o
                0x00000000080084d4                USB_InitFSLSPClkSel
 .text.USB_ResetPort
                0x0000000008008510       0x3e ./Drivers/STM32F4xx_HAL_Driver/Src/stm32f4xx_ll_usb.o
                0x0000000008008510                USB_ResetPort
 .text.USB_DriveVbus
                0x000000000800854e       0x48 ./Drivers/STM32F4xx_HAL_Driver/Src/stm32f4xx_ll_usb.o
                0x000000000800854e                USB_DriveVbus
 .text.USB_GetHostSpeed
                0x0000000008008596       0x16 ./Drivers/STM32F4xx_HAL_Driver/Src/stm32f4xx_ll_usb.o
                0x0000000008008596                USB_GetHostSpeed
 .text.USB_GetCurrentFrame
                0x00000000080085ac        0xa ./Drivers/STM32F4xx_HAL_Driver/Src/stm32f4xx_ll_usb.o
                0x00000000080085ac                USB_GetCurrentFrame
 .text.USB_HC_Init
                0x00000000080085b6      0x162 ./Drivers/STM32F4xx_HAL_Driver/Src/stm32f4xx_ll_usb.o
                0x00000000080085b6                USB_HC_Init
 .text.USB_HC_ReadInterrupt
                0x0000000008008718        0xa ./Drivers/STM32F4xx_HAL_Driver/Src/stm32f4xx_ll_usb.o
                0x0000000008008718                USB_HC_ReadInterrupt
 .text.USB_HC_Halt
                0x0000000008008722       0xdc ./Drivers/STM32F4xx_HAL_Driver/Src/stm32f4xx_ll_usb.o
                0x0000000008008722                USB_HC_Halt
 *fill*         0x00000000080087fe        0x2 
 .text.USB_DoPing
                0x0000000008008800       0x24 ./Drivers/STM32F4xx_HAL_Driver/Src/stm32f4xx_ll_usb.o
                0x0000000008008800                USB_DoPing
 .text.USB_HC_StartXfer
                0x0000000008008824      0x156 ./Drivers/STM32F4xx_HAL_Driver/Src/stm32f4xx_ll_usb.o
                0x0000000008008824                USB_HC_StartXfer
 .text.USB_StopHost
                0x000000000800897a       0x8a ./Drivers/STM32F4xx_HAL_Driver/Src/stm32f4xx_ll_usb.o
                0x000000000800897a                USB_StopHost
 .text.USBH_CDC_SOFProcess
                0x0000000008008a04        0x4 ./Middlewares/ST/STM32_USB_Host_Library/Class/CDC/Src/usbh_cdc.o
 .text.USBH_CDC_ClassRequest
                0x0000000008008a08       0x34 ./Middlewares/ST/STM32_USB_Host_Library/Class/CDC/Src/usbh_cdc.o
 .text.USBH_CDC_InterfaceDeInit
                0x0000000008008a3c       0x68 ./Middlewares/ST/STM32_USB_Host_Library/Class/CDC/Src/usbh_cdc.o
 .text.USBH_CDC_InterfaceInit
                0x0000000008008aa4      0x186 ./Middlewares/ST/STM32_USB_Host_Library/Class/CDC/Src/usbh_cdc.o
 .text.USBH_CDC_TransmitCallback
                0x0000000008008c2a        0x2 ./Middlewares/ST/STM32_USB_Host_Library/Class/CDC/Src/usbh_cdc.o
                0x0000000008008c2a                USBH_CDC_TransmitCallback
 .text.USBH_CDC_ReceiveCallback
                0x0000000008008c2c        0x2 ./Middlewares/ST/STM32_USB_Host_Library/Class/CDC/Src/usbh_cdc.o
                0x0000000008008c2c                USBH_CDC_ReceiveCallback
 .text.USBH_CDC_LineCodingChanged
                0x0000000008008c2e        0x2 ./Middlewares/ST/STM32_USB_Host_Library/Class/CDC/Src/usbh_cdc.o
                0x0000000008008c2e                USBH_CDC_LineCodingChanged
 .text.USBH_CDC_Process
                0x0000000008008c30      0x1c2 ./Middlewares/ST/STM32_USB_Host_Library/Class/CDC/Src/usbh_cdc.o
 .text.DeInitStateMachine
                0x0000000008008df2       0x5a ./Middlewares/ST/STM32_USB_Host_Library/Core/Src/usbh_core.o
 .text.USBH_Init
                0x0000000008008e4c       0x3e ./Middlewares/ST/STM32_USB_Host_Library/Core/Src/usbh_core.o
                0x0000000008008e4c                USBH_Init
 .text.USBH_RegisterClass
                0x0000000008008e8a       0x1e ./Middlewares/ST/STM32_USB_Host_Library/Core/Src/usbh_core.o
                0x0000000008008e8a                USBH_RegisterClass
 .text.USBH_SelectInterface
                0x0000000008008ea8       0x12 ./Middlewares/ST/STM32_USB_Host_Library/Core/Src/usbh_core.o
                0x0000000008008ea8                USBH_SelectInterface
 .text.USBH_FindInterface
                0x0000000008008eba       0x48 ./Middlewares/ST/STM32_USB_Host_Library/Core/Src/usbh_core.o
                0x0000000008008eba                USBH_FindInterface
 .text.USBH_Start
                0x0000000008008f02       0x14 ./Middlewares/ST/STM32_USB_Host_Library/Core/Src/usbh_core.o
                0x0000000008008f02                USBH_Start
 .text.USBH_Process
                0x0000000008008f16      0x4c2 ./Middlewares/ST/STM32_USB_Host_Library/Core/Src/usbh_core.o
                0x0000000008008f16                USBH_Process
 .text.USBH_LL_SetTimer
                0x00000000080093d8        0x6 ./Middlewares/ST/STM32_USB_Host_Library/Core/Src/usbh_core.o
                0x00000000080093d8                USBH_LL_SetTimer
 .text.USBH_LL_IncTimer
                0x00000000080093de       0x24 ./Middlewares/ST/STM32_USB_Host_Library/Core/Src/usbh_core.o
                0x00000000080093de                USBH_LL_IncTimer
 .text.USBH_LL_PortEnabled
                0x0000000008009402        0x8 ./Middlewares/ST/STM32_USB_Host_Library/Core/Src/usbh_core.o
                0x0000000008009402                USBH_LL_PortEnabled
 .text.USBH_LL_PortDisabled
                0x000000000800940a        0x8 ./Middlewares/ST/STM32_USB_Host_Library/Core/Src/usbh_core.o
                0x000000000800940a                USBH_LL_PortDisabled
 .text.USBH_LL_Connect
                0x0000000008009412       0x14 ./Middlewares/ST/STM32_USB_Host_Library/Core/Src/usbh_core.o
                0x0000000008009412                USBH_LL_Connect
 .text.USBH_LL_Disconnect
                0x0000000008009426       0x2c ./Middlewares/ST/STM32_USB_Host_Library/Core/Src/usbh_core.o
                0x0000000008009426                USBH_LL_Disconnect
 .text.USBH_CtlReq
                0x0000000008009452      0x1b6 ./Middlewares/ST/STM32_USB_Host_Library/Core/Src/usbh_ctlreq.o
                0x0000000008009452                USBH_CtlReq
 .text.USBH_GetDescriptor
                0x0000000008009608       0x3e ./Middlewares/ST/STM32_USB_Host_Library/Core/Src/usbh_ctlreq.o
                0x0000000008009608                USBH_GetDescriptor
 .text.USBH_Get_DevDesc
                0x0000000008009646       0xdc ./Middlewares/ST/STM32_USB_Host_Library/Core/Src/usbh_ctlreq.o
                0x0000000008009646                USBH_Get_DevDesc
 .text.USBH_Get_CfgDesc
                0x0000000008009722      0x238 ./Middlewares/ST/STM32_USB_Host_Library/Core/Src/usbh_ctlreq.o
                0x0000000008009722                USBH_Get_CfgDesc
 .text.USBH_Get_StringDesc
                0x000000000800995a       0x52 ./Middlewares/ST/STM32_USB_Host_Library/Core/Src/usbh_ctlreq.o
                0x000000000800995a                USBH_Get_StringDesc
 .text.USBH_SetAddress
                0x00000000080099ac       0x22 ./Middlewares/ST/STM32_USB_Host_Library/Core/Src/usbh_ctlreq.o
                0x00000000080099ac                USBH_SetAddress
 .text.USBH_SetCfg
                0x00000000080099ce       0x22 ./Middlewares/ST/STM32_USB_Host_Library/Core/Src/usbh_ctlreq.o
                0x00000000080099ce                USBH_SetCfg
 .text.USBH_SetFeature
                0x00000000080099f0       0x22 ./Middlewares/ST/STM32_USB_Host_Library/Core/Src/usbh_ctlreq.o
                0x00000000080099f0                USBH_SetFeature
 .text.USBH_ClrFeature
                0x0000000008009a12       0x24 ./Middlewares/ST/STM32_USB_Host_Library/Core/Src/usbh_ctlreq.o
                0x0000000008009a12                USBH_ClrFeature
 .text.USBH_CtlSendSetup
                0x0000000008009a36       0x22 ./Middlewares/ST/STM32_USB_Host_Library/Core/Src/usbh_ioreq.o
                0x0000000008009a36                USBH_CtlSendSetup
 .text.USBH_CtlSendData
                0x0000000008009a58       0x30 ./Middlewares/ST/STM32_USB_Host_Library/Core/Src/usbh_ioreq.o
                0x0000000008009a58                USBH_CtlSendData
 .text.USBH_CtlReceiveData
                0x0000000008009a88       0x20 ./Middlewares/ST/STM32_USB_Host_Library/Core/Src/usbh_ioreq.o
                0x0000000008009a88                USBH_CtlReceiveData
 .text.USBH_BulkSendData
                0x0000000008009aa8       0x30 ./Middlewares/ST/STM32_USB_Host_Library/Core/Src/usbh_ioreq.o
                0x0000000008009aa8                USBH_BulkSendData
 .text.USBH_BulkReceiveData
                0x0000000008009ad8       0x20 ./Middlewares/ST/STM32_USB_Host_Library/Core/Src/usbh_ioreq.o
                0x0000000008009ad8                USBH_BulkReceiveData
 .text.USBH_OpenPipe
                0x0000000008009af8       0x20 ./Middlewares/ST/STM32_USB_Host_Library/Core/Src/usbh_pipes.o
                0x0000000008009af8                USBH_OpenPipe
 .text.USBH_ClosePipe
                0x0000000008009b18        0xa ./Middlewares/ST/STM32_USB_Host_Library/Core/Src/usbh_pipes.o
                0x0000000008009b18                USBH_ClosePipe
 .text.USBH_AllocPipe
                0x0000000008009b22       0x3e ./Middlewares/ST/STM32_USB_Host_Library/Core/Src/usbh_pipes.o
                0x0000000008009b22                USBH_AllocPipe
 .text.USBH_FreePipe
                0x0000000008009b60       0x18 ./Middlewares/ST/STM32_USB_Host_Library/Core/Src/usbh_pipes.o
                0x0000000008009b60                USBH_FreePipe
 .text.USBH_UserProcess
                0x0000000008009b78       0x2c ./USB_HOST/App/usb_host.o
 .text.MX_USB_HOST_Init
                0x0000000008009ba4       0x40 ./USB_HOST/App/usb_host.o
                0x0000000008009ba4                MX_USB_HOST_Init
 .text.MX_USB_HOST_Process
                0x0000000008009be4       0x10 ./USB_HOST/App/usb_host.o
                0x0000000008009be4                MX_USB_HOST_Process
 .text.HAL_HCD_MspInit
                0x0000000008009bf4       0x94 ./USB_HOST/Target/usbh_conf.o
                0x0000000008009bf4                HAL_HCD_MspInit
 .text.HAL_HCD_SOF_Callback
                0x0000000008009c88        0xc ./USB_HOST/Target/usbh_conf.o
                0x0000000008009c88                HAL_HCD_SOF_Callback
 .text.HAL_HCD_Connect_Callback
                0x0000000008009c94        0xc ./USB_HOST/Target/usbh_conf.o
                0x0000000008009c94                HAL_HCD_Connect_Callback
 .text.HAL_HCD_Disconnect_Callback
                0x0000000008009ca0        0xc ./USB_HOST/Target/usbh_conf.o
                0x0000000008009ca0                HAL_HCD_Disconnect_Callback
 .text.HAL_HCD_HC_NotifyURBChange_Callback
                0x0000000008009cac        0x2 ./USB_HOST/Target/usbh_conf.o
                0x0000000008009cac                HAL_HCD_HC_NotifyURBChange_Callback
 .text.HAL_HCD_PortEnabled_Callback
                0x0000000008009cae        0xc ./USB_HOST/Target/usbh_conf.o
                0x0000000008009cae                HAL_HCD_PortEnabled_Callback
 .text.HAL_HCD_PortDisabled_Callback
                0x0000000008009cba        0xc ./USB_HOST/Target/usbh_conf.o
                0x0000000008009cba                HAL_HCD_PortDisabled_Callback
 *fill*         0x0000000008009cc6        0x2 
 .text.USBH_LL_Init
                0x0000000008009cc8       0x54 ./USB_HOST/Target/usbh_conf.o
                0x0000000008009cc8                USBH_LL_Init
 .text.USBH_LL_GetSpeed
                0x0000000008009d1c       0x1a ./USB_HOST/Target/usbh_conf.o
                0x0000000008009d1c                USBH_LL_GetSpeed
 .text.USBH_LL_GetLastXferSize
                0x0000000008009d36        0xc ./USB_HOST/Target/usbh_conf.o
                0x0000000008009d36                USBH_LL_GetLastXferSize
 .text.USBH_LL_GetURBState
                0x0000000008009d42        0xc ./USB_HOST/Target/usbh_conf.o
                0x0000000008009d42                USBH_LL_GetURBState
 .text.USBH_LL_DriverVBUS
                0x0000000008009d4e       0x1c ./USB_HOST/Target/usbh_conf.o
                0x0000000008009d4e                USBH_LL_DriverVBUS
 .text.USBH_LL_SetToggle
                0x0000000008009d6a       0x2a ./USB_HOST/Target/usbh_conf.o
                0x0000000008009d6a                USBH_LL_SetToggle
 .text.USBH_Delay
                0x0000000008009d94        0x8 ./USB_HOST/Target/usbh_conf.o
                0x0000000008009d94                USBH_Delay
 .text.USBH_Get_USB_Status
                0x0000000008009d9c        0xe ./USB_HOST/Target/usbh_conf.o
                0x0000000008009d9c                USBH_Get_USB_Status
 .text.USBH_LL_Start
                0x0000000008009daa       0x10 ./USB_HOST/Target/usbh_conf.o
                0x0000000008009daa                USBH_LL_Start
 .text.USBH_LL_Stop
                0x0000000008009dba       0x10 ./USB_HOST/Target/usbh_conf.o
                0x0000000008009dba                USBH_LL_Stop
 .text.USBH_LL_ResetPort
                0x0000000008009dca       0x10 ./USB_HOST/Target/usbh_conf.o
                0x0000000008009dca                USBH_LL_ResetPort
 .text.USBH_LL_OpenPipe
                0x0000000008009dda       0x26 ./USB_HOST/Target/usbh_conf.o
                0x0000000008009dda                USBH_LL_OpenPipe
 .text.USBH_LL_ClosePipe
                0x0000000008009e00       0x10 ./USB_HOST/Target/usbh_conf.o
                0x0000000008009e00                USBH_LL_ClosePipe
 .text.USBH_LL_SubmitURB
                0x0000000008009e10       0x2a ./USB_HOST/Target/usbh_conf.o
                0x0000000008009e10                USBH_LL_SubmitURB
 *fill*         0x0000000008009e3a        0x2 
 .text.MX_DriverVbusFS
                0x0000000008009e3c       0x18 ./USB_HOST/Target/usbh_platform.o
                0x0000000008009e3c                MX_DriverVbusFS
 .text.__errno  0x0000000008009e54        0xc c:/st/stm32cubeide_1.9.0/stm32cubeide/plugins/com.st.stm32cube.ide.mcu.externaltools.gnu-tools-for-stm32.10.3-2021.10.win32_1.0.0.202111181127/tools/bin/../lib/gcc/arm-none-eabi/10.3.1/../../../../arm-none-eabi/lib/thumb/v7e-m+fp/hard\libc_nano.a(lib_a-errno.o)
                0x0000000008009e54                __errno
 .text.exit     0x0000000008009e60       0x28 c:/st/stm32cubeide_1.9.0/stm32cubeide/plugins/com.st.stm32cube.ide.mcu.externaltools.gnu-tools-for-stm32.10.3-2021.10.win32_1.0.0.202111181127/tools/bin/../lib/gcc/arm-none-eabi/10.3.1/../../../../arm-none-eabi/lib/thumb/v7e-m+fp/hard\libc_nano.a(lib_a-exit.o)
                0x0000000008009e60                exit
 .text.__libc_init_array
                0x0000000008009e88       0x48 c:/st/stm32cubeide_1.9.0/stm32cubeide/plugins/com.st.stm32cube.ide.mcu.externaltools.gnu-tools-for-stm32.10.3-2021.10.win32_1.0.0.202111181127/tools/bin/../lib/gcc/arm-none-eabi/10.3.1/../../../../arm-none-eabi/lib/thumb/v7e-m+fp/hard\libc_nano.a(lib_a-init.o)
                0x0000000008009e88                __libc_init_array
 .text.malloc   0x0000000008009ed0       0x10 c:/st/stm32cubeide_1.9.0/stm32cubeide/plugins/com.st.stm32cube.ide.mcu.externaltools.gnu-tools-for-stm32.10.3-2021.10.win32_1.0.0.202111181127/tools/bin/../lib/gcc/arm-none-eabi/10.3.1/../../../../arm-none-eabi/lib/thumb/v7e-m+fp/hard\libc_nano.a(lib_a-malloc.o)
                0x0000000008009ed0                malloc
 .text.free     0x0000000008009ee0       0x10 c:/st/stm32cubeide_1.9.0/stm32cubeide/plugins/com.st.stm32cube.ide.mcu.externaltools.gnu-tools-for-stm32.10.3-2021.10.win32_1.0.0.202111181127/tools/bin/../lib/gcc/arm-none-eabi/10.3.1/../../../../arm-none-eabi/lib/thumb/v7e-m+fp/hard\libc_nano.a(lib_a-malloc.o)
                0x0000000008009ee0                free
 .text.memcpy   0x0000000008009ef0       0x1c c:/st/stm32cubeide_1.9.0/stm32cubeide/plugins/com.st.stm32cube.ide.mcu.externaltools.gnu-tools-for-stm32.10.3-2021.10.win32_1.0.0.202111181127/tools/bin/../lib/gcc/arm-none-eabi/10.3.1/../../../../arm-none-eabi/lib/thumb/v7e-m+fp/hard\libc_nano.a(lib_a-memcpy-stub.o)
                0x0000000008009ef0                memcpy
 .text.memset   0x0000000008009f0c       0x10 c:/st/stm32cubeide_1.9.0/stm32cubeide/plugins/com.st.stm32cube.ide.mcu.externaltools.gnu-tools-for-stm32.10.3-2021.10.win32_1.0.0.202111181127/tools/bin/../lib/gcc/arm-none-eabi/10.3.1/../../../../arm-none-eabi/lib/thumb/v7e-m+fp/hard\libc_nano.a(lib_a-memset.o)
                0x0000000008009f0c                memset
 .text._free_r  0x0000000008009f1c       0x98 c:/st/stm32cubeide_1.9.0/stm32cubeide/plugins/com.st.stm32cube.ide.mcu.externaltools.gnu-tools-for-stm32.10.3-2021.10.win32_1.0.0.202111181127/tools/bin/../lib/gcc/arm-none-eabi/10.3.1/../../../../arm-none-eabi/lib/thumb/v7e-m+fp/hard\libc_nano.a(lib_a-nano-freer.o)
                0x0000000008009f1c                _free_r
 .text.sbrk_aligned
                0x0000000008009fb4       0x40 c:/st/stm32cubeide_1.9.0/stm32cubeide/plugins/com.st.stm32cube.ide.mcu.externaltools.gnu-tools-for-stm32.10.3-2021.10.win32_1.0.0.202111181127/tools/bin/../lib/gcc/arm-none-eabi/10.3.1/../../../../arm-none-eabi/lib/thumb/v7e-m+fp/hard\libc_nano.a(lib_a-nano-mallocr.o)
 .text._malloc_r
                0x0000000008009ff4       0xe8 c:/st/stm32cubeide_1.9.0/stm32cubeide/plugins/com.st.stm32cube.ide.mcu.externaltools.gnu-tools-for-stm32.10.3-2021.10.win32_1.0.0.202111181127/tools/bin/../lib/gcc/arm-none-eabi/10.3.1/../../../../arm-none-eabi/lib/thumb/v7e-m+fp/hard\libc_nano.a(lib_a-nano-mallocr.o)
                0x0000000008009ff4                _malloc_r
 .text._sbrk_r  0x000000000800a0dc       0x20 c:/st/stm32cubeide_1.9.0/stm32cubeide/plugins/com.st.stm32cube.ide.mcu.externaltools.gnu-tools-for-stm32.10.3-2021.10.win32_1.0.0.202111181127/tools/bin/../lib/gcc/arm-none-eabi/10.3.1/../../../../arm-none-eabi/lib/thumb/v7e-m+fp/hard\libc_nano.a(lib_a-sbrkr.o)
                0x000000000800a0dc                _sbrk_r
 .text.__malloc_lock
                0x000000000800a0fc        0xc c:/st/stm32cubeide_1.9.0/stm32cubeide/plugins/com.st.stm32cube.ide.mcu.externaltools.gnu-tools-for-stm32.10.3-2021.10.win32_1.0.0.202111181127/tools/bin/../lib/gcc/arm-none-eabi/10.3.1/../../../../arm-none-eabi/lib/thumb/v7e-m+fp/hard\libc_nano.a(lib_a-mlock.o)
                0x000000000800a0fc                __malloc_lock
 .text.__malloc_unlock
                0x000000000800a108        0xc c:/st/stm32cubeide_1.9.0/stm32cubeide/plugins/com.st.stm32cube.ide.mcu.externaltools.gnu-tools-for-stm32.10.3-2021.10.win32_1.0.0.202111181127/tools/bin/../lib/gcc/arm-none-eabi/10.3.1/../../../../arm-none-eabi/lib/thumb/v7e-m+fp/hard\libc_nano.a(lib_a-mlock.o)
                0x000000000800a108                __malloc_unlock
 .text.__retarget_lock_acquire_recursive
                0x000000000800a114        0x2 c:/st/stm32cubeide_1.9.0/stm32cubeide/plugins/com.st.stm32cube.ide.mcu.externaltools.gnu-tools-for-stm32.10.3-2021.10.win32_1.0.0.202111181127/tools/bin/../lib/gcc/arm-none-eabi/10.3.1/../../../../arm-none-eabi/lib/thumb/v7e-m+fp/hard\libc_nano.a(lib_a-lock.o)
                0x000000000800a114                __retarget_lock_acquire_recursive
 .text.__retarget_lock_release_recursive
                0x000000000800a116        0x2 c:/st/stm32cubeide_1.9.0/stm32cubeide/plugins/com.st.stm32cube.ide.mcu.externaltools.gnu-tools-for-stm32.10.3-2021.10.win32_1.0.0.202111181127/tools/bin/../lib/gcc/arm-none-eabi/10.3.1/../../../../arm-none-eabi/lib/thumb/v7e-m+fp/hard\libc_nano.a(lib_a-lock.o)
                0x000000000800a116                __retarget_lock_release_recursive
 .text.cos      0x000000000800a118       0xa8 c:/st/stm32cubeide_1.9.0/stm32cubeide/plugins/com.st.stm32cube.ide.mcu.externaltools.gnu-tools-for-stm32.10.3-2021.10.win32_1.0.0.202111181127/tools/bin/../lib/gcc/arm-none-eabi/10.3.1/../../../../arm-none-eabi/lib/thumb/v7e-m+fp/hard\libm.a(lib_a-s_cos.o)
                0x000000000800a118                cos
 .text.sin      0x000000000800a1c0       0xb0 c:/st/stm32cubeide_1.9.0/stm32cubeide/plugins/com.st.stm32cube.ide.mcu.externaltools.gnu-tools-for-stm32.10.3-2021.10.win32_1.0.0.202111181127/tools/bin/../lib/gcc/arm-none-eabi/10.3.1/../../../../arm-none-eabi/lib/thumb/v7e-m+fp/hard\libm.a(lib_a-s_sin.o)
                0x000000000800a1c0                sin
 .text.atan2    0x000000000800a270        0x4 c:/st/stm32cubeide_1.9.0/stm32cubeide/plugins/com.st.stm32cube.ide.mcu.externaltools.gnu-tools-for-stm32.10.3-2021.10.win32_1.0.0.202111181127/tools/bin/../lib/gcc/arm-none-eabi/10.3.1/../../../../arm-none-eabi/lib/thumb/v7e-m+fp/hard\libm.a(lib_a-w_atan2.o)
                0x000000000800a270                atan2
 .text.sqrt     0x000000000800a274       0x58 c:/st/stm32cubeide_1.9.0/stm32cubeide/plugins/com.st.stm32cube.ide.mcu.externaltools.gnu-tools-for-stm32.10.3-2021.10.win32_1.0.0.202111181127/tools/bin/../lib/gcc/arm-none-eabi/10.3.1/../../../../arm-none-eabi/lib/thumb/v7e-m+fp/hard\libm.a(lib_a-w_sqrt.o)
                0x000000000800a274                sqrt
 *fill*         0x000000000800a2cc        0x4 
 .text.__ieee754_atan2
                0x000000000800a2d0      0x194 c:/st/stm32cubeide_1.9.0/stm32cubeide/plugins/com.st.stm32cube.ide.mcu.externaltools.gnu-tools-for-stm32.10.3-2021.10.win32_1.0.0.202111181127/tools/bin/../lib/gcc/arm-none-eabi/10.3.1/../../../../arm-none-eabi/lib/thumb/v7e-m+fp/hard\libm.a(lib_a-e_atan2.o)
                0x000000000800a2d0                __ieee754_atan2
 *fill*         0x000000000800a464        0x4 
 .text.__ieee754_rem_pio2
                0x000000000800a468      0x418 c:/st/stm32cubeide_1.9.0/stm32cubeide/plugins/com.st.stm32cube.ide.mcu.externaltools.gnu-tools-for-stm32.10.3-2021.10.win32_1.0.0.202111181127/tools/bin/../lib/gcc/arm-none-eabi/10.3.1/../../../../arm-none-eabi/lib/thumb/v7e-m+fp/hard\libm.a(lib_a-e_rem_pio2.o)
                0x000000000800a468                __ieee754_rem_pio2
 .text.__ieee754_sqrt
                0x000000000800a880      0x164 c:/st/stm32cubeide_1.9.0/stm32cubeide/plugins/com.st.stm32cube.ide.mcu.externaltools.gnu-tools-for-stm32.10.3-2021.10.win32_1.0.0.202111181127/tools/bin/../lib/gcc/arm-none-eabi/10.3.1/../../../../arm-none-eabi/lib/thumb/v7e-m+fp/hard\libm.a(lib_a-e_sqrt.o)
                0x000000000800a880                __ieee754_sqrt
 *fill*         0x000000000800a9e4        0x4 
 .text.__kernel_cos
                0x000000000800a9e8      0x18c c:/st/stm32cubeide_1.9.0/stm32cubeide/plugins/com.st.stm32cube.ide.mcu.externaltools.gnu-tools-for-stm32.10.3-2021.10.win32_1.0.0.202111181127/tools/bin/../lib/gcc/arm-none-eabi/10.3.1/../../../../arm-none-eabi/lib/thumb/v7e-m+fp/hard\libm.a(lib_a-k_cos.o)
                0x000000000800a9e8                __kernel_cos
 *fill*         0x000000000800ab74        0x4 
 .text.__kernel_rem_pio2
                0x000000000800ab78      0x69c c:/st/stm32cubeide_1.9.0/stm32cubeide/plugins/com.st.stm32cube.ide.mcu.externaltools.gnu-tools-for-stm32.10.3-2021.10.win32_1.0.0.202111181127/tools/bin/../lib/gcc/arm-none-eabi/10.3.1/../../../../arm-none-eabi/lib/thumb/v7e-m+fp/hard\libm.a(lib_a-k_rem_pio2.o)
                0x000000000800ab78                __kernel_rem_pio2
 *fill*         0x000000000800b214        0x4 
 .text.__kernel_sin
                0x000000000800b218      0x17c c:/st/stm32cubeide_1.9.0/stm32cubeide/plugins/com.st.stm32cube.ide.mcu.externaltools.gnu-tools-for-stm32.10.3-2021.10.win32_1.0.0.202111181127/tools/bin/../lib/gcc/arm-none-eabi/10.3.1/../../../../arm-none-eabi/lib/thumb/v7e-m+fp/hard\libm.a(lib_a-k_sin.o)
                0x000000000800b218                __kernel_sin
 *fill*         0x000000000800b394        0x4 
 .text.atan     0x000000000800b398      0x340 c:/st/stm32cubeide_1.9.0/stm32cubeide/plugins/com.st.stm32cube.ide.mcu.externaltools.gnu-tools-for-stm32.10.3-2021.10.win32_1.0.0.202111181127/tools/bin/../lib/gcc/arm-none-eabi/10.3.1/../../../../arm-none-eabi/lib/thumb/v7e-m+fp/hard\libm.a(lib_a-s_atan.o)
                0x000000000800b398                atan
 .text.fabs     0x000000000800b6d8       0x12 c:/st/stm32cubeide_1.9.0/stm32cubeide/plugins/com.st.stm32cube.ide.mcu.externaltools.gnu-tools-for-stm32.10.3-2021.10.win32_1.0.0.202111181127/tools/bin/../lib/gcc/arm-none-eabi/10.3.1/../../../../arm-none-eabi/lib/thumb/v7e-m+fp/hard\libm.a(lib_a-s_fabs.o)
                0x000000000800b6d8                fabs
 *fill*         0x000000000800b6ea        0x6 
 .text.floor    0x000000000800b6f0      0x100 c:/st/stm32cubeide_1.9.0/stm32cubeide/plugins/com.st.stm32cube.ide.mcu.externaltools.gnu-tools-for-stm32.10.3-2021.10.win32_1.0.0.202111181127/tools/bin/../lib/gcc/arm-none-eabi/10.3.1/../../../../arm-none-eabi/lib/thumb/v7e-m+fp/hard\libm.a(lib_a-s_floor.o)
                0x000000000800b6f0                floor
 .text.scalbn   0x000000000800b7f0      0x10c c:/st/stm32cubeide_1.9.0/stm32cubeide/plugins/com.st.stm32cube.ide.mcu.externaltools.gnu-tools-for-stm32.10.3-2021.10.win32_1.0.0.202111181127/tools/bin/../lib/gcc/arm-none-eabi/10.3.1/../../../../arm-none-eabi/lib/thumb/v7e-m+fp/hard\libm.a(lib_a-s_scalbn.o)
                0x000000000800b7f0                scalbn
 *(.glue_7)
 .glue_7        0x000000000800b8fc        0x0 linker stubs
 *(.glue_7t)
 .glue_7t       0x000000000800b8fc        0x0 linker stubs
 *(.eh_frame)
 .eh_frame      0x000000000800b8fc        0x0 c:/st/stm32cubeide_1.9.0/stm32cubeide/plugins/com.st.stm32cube.ide.mcu.externaltools.gnu-tools-for-stm32.10.3-2021.10.win32_1.0.0.202111181127/tools/bin/../lib/gcc/arm-none-eabi/10.3.1/thumb/v7e-m+fp/hard/crtbegin.o
 *(.init)
 .init          0x000000000800b8fc        0x4 c:/st/stm32cubeide_1.9.0/stm32cubeide/plugins/com.st.stm32cube.ide.mcu.externaltools.gnu-tools-for-stm32.10.3-2021.10.win32_1.0.0.202111181127/tools/bin/../lib/gcc/arm-none-eabi/10.3.1/thumb/v7e-m+fp/hard/crti.o
                0x000000000800b8fc                _init
 .init          0x000000000800b900        0x8 c:/st/stm32cubeide_1.9.0/stm32cubeide/plugins/com.st.stm32cube.ide.mcu.externaltools.gnu-tools-for-stm32.10.3-2021.10.win32_1.0.0.202111181127/tools/bin/../lib/gcc/arm-none-eabi/10.3.1/thumb/v7e-m+fp/hard/crtn.o
 *(.fini)
 .fini          0x000000000800b908        0x4 c:/st/stm32cubeide_1.9.0/stm32cubeide/plugins/com.st.stm32cube.ide.mcu.externaltools.gnu-tools-for-stm32.10.3-2021.10.win32_1.0.0.202111181127/tools/bin/../lib/gcc/arm-none-eabi/10.3.1/thumb/v7e-m+fp/hard/crti.o
                0x000000000800b908                _fini
 .fini          0x000000000800b90c        0x8 c:/st/stm32cubeide_1.9.0/stm32cubeide/plugins/com.st.stm32cube.ide.mcu.externaltools.gnu-tools-for-stm32.10.3-2021.10.win32_1.0.0.202111181127/tools/bin/../lib/gcc/arm-none-eabi/10.3.1/thumb/v7e-m+fp/hard/crtn.o
                0x000000000800b914                . = ALIGN (0x4)
                0x000000000800b914                _etext = .

.vfp11_veneer   0x000000000800b914        0x0
 .vfp11_veneer  0x000000000800b914        0x0 linker stubs

.v4_bx          0x000000000800b914        0x0
 .v4_bx         0x000000000800b914        0x0 linker stubs

.iplt           0x000000000800b914        0x0
 .iplt          0x000000000800b914        0x0 c:/st/stm32cubeide_1.9.0/stm32cubeide/plugins/com.st.stm32cube.ide.mcu.externaltools.gnu-tools-for-stm32.10.3-2021.10.win32_1.0.0.202111181127/tools/bin/../lib/gcc/arm-none-eabi/10.3.1/thumb/v7e-m+fp/hard/crtbegin.o

.rodata         0x000000000800b918      0x348
                0x000000000800b918                . = ALIGN (0x4)
 *(.rodata)
 .rodata        0x000000000800b918       0xe0 ./Core/Src/verdier.o
 *(.rodata*)
 .rodata.HAL_CAN_RxFifo0MsgPendingCallback.str1.4
                0x000000000800b9f8        0x7 ./Core/Src/main.o
 *fill*         0x000000000800b9ff        0x1 
 .rodata.AHBPrescTable
                0x000000000800ba00       0x10 ./Core/Src/system_stm32f4xx.o
                0x000000000800ba00                AHBPrescTable
 .rodata.str1.4
                0x000000000800ba10        0x4 ./Middlewares/ST/STM32_USB_Host_Library/Class/CDC/Src/usbh_cdc.o
 .rodata._global_impure_ptr
                0x000000000800ba14        0x4 c:/st/stm32cubeide_1.9.0/stm32cubeide/plugins/com.st.stm32cube.ide.mcu.externaltools.gnu-tools-for-stm32.10.3-2021.10.win32_1.0.0.202111181127/tools/bin/../lib/gcc/arm-none-eabi/10.3.1/../../../../arm-none-eabi/lib/thumb/v7e-m+fp/hard\libc_nano.a(lib_a-impure.o)
                0x000000000800ba14                _global_impure_ptr
 .rodata.CSWTCH.8
                0x000000000800ba18       0x18 c:/st/stm32cubeide_1.9.0/stm32cubeide/plugins/com.st.stm32cube.ide.mcu.externaltools.gnu-tools-for-stm32.10.3-2021.10.win32_1.0.0.202111181127/tools/bin/../lib/gcc/arm-none-eabi/10.3.1/../../../../arm-none-eabi/lib/thumb/v7e-m+fp/hard\libm.a(lib_a-e_atan2.o)
 .rodata.CSWTCH.9
                0x000000000800ba30       0x18 c:/st/stm32cubeide_1.9.0/stm32cubeide/plugins/com.st.stm32cube.ide.mcu.externaltools.gnu-tools-for-stm32.10.3-2021.10.win32_1.0.0.202111181127/tools/bin/../lib/gcc/arm-none-eabi/10.3.1/../../../../arm-none-eabi/lib/thumb/v7e-m+fp/hard\libm.a(lib_a-e_atan2.o)
 .rodata.npio2_hw
                0x000000000800ba48       0x80 c:/st/stm32cubeide_1.9.0/stm32cubeide/plugins/com.st.stm32cube.ide.mcu.externaltools.gnu-tools-for-stm32.10.3-2021.10.win32_1.0.0.202111181127/tools/bin/../lib/gcc/arm-none-eabi/10.3.1/../../../../arm-none-eabi/lib/thumb/v7e-m+fp/hard\libm.a(lib_a-e_rem_pio2.o)
 .rodata.two_over_pi
                0x000000000800bac8      0x108 c:/st/stm32cubeide_1.9.0/stm32cubeide/plugins/com.st.stm32cube.ide.mcu.externaltools.gnu-tools-for-stm32.10.3-2021.10.win32_1.0.0.202111181127/tools/bin/../lib/gcc/arm-none-eabi/10.3.1/../../../../arm-none-eabi/lib/thumb/v7e-m+fp/hard\libm.a(lib_a-e_rem_pio2.o)
 .rodata.PIo2   0x000000000800bbd0       0x40 c:/st/stm32cubeide_1.9.0/stm32cubeide/plugins/com.st.stm32cube.ide.mcu.externaltools.gnu-tools-for-stm32.10.3-2021.10.win32_1.0.0.202111181127/tools/bin/../lib/gcc/arm-none-eabi/10.3.1/../../../../arm-none-eabi/lib/thumb/v7e-m+fp/hard\libm.a(lib_a-k_rem_pio2.o)
 .rodata.init_jk
                0x000000000800bc10       0x10 c:/st/stm32cubeide_1.9.0/stm32cubeide/plugins/com.st.stm32cube.ide.mcu.externaltools.gnu-tools-for-stm32.10.3-2021.10.win32_1.0.0.202111181127/tools/bin/../lib/gcc/arm-none-eabi/10.3.1/../../../../arm-none-eabi/lib/thumb/v7e-m+fp/hard\libm.a(lib_a-k_rem_pio2.o)
 .rodata.atanhi
                0x000000000800bc20       0x20 c:/st/stm32cubeide_1.9.0/stm32cubeide/plugins/com.st.stm32cube.ide.mcu.externaltools.gnu-tools-for-stm32.10.3-2021.10.win32_1.0.0.202111181127/tools/bin/../lib/gcc/arm-none-eabi/10.3.1/../../../../arm-none-eabi/lib/thumb/v7e-m+fp/hard\libm.a(lib_a-s_atan.o)
 .rodata.atanlo
                0x000000000800bc40       0x20 c:/st/stm32cubeide_1.9.0/stm32cubeide/plugins/com.st.stm32cube.ide.mcu.externaltools.gnu-tools-for-stm32.10.3-2021.10.win32_1.0.0.202111181127/tools/bin/../lib/gcc/arm-none-eabi/10.3.1/../../../../arm-none-eabi/lib/thumb/v7e-m+fp/hard\libm.a(lib_a-s_atan.o)
                0x000000000800bc60                . = ALIGN (0x4)

.ARM.extab      0x000000000800bc60        0x0
                0x000000000800bc60                . = ALIGN (0x4)
 *(.ARM.extab* .gnu.linkonce.armextab.*)
                0x000000000800bc60                . = ALIGN (0x4)

.ARM            0x000000000800bc60        0x8
                0x000000000800bc60                . = ALIGN (0x4)
                0x000000000800bc60                __exidx_start = .
 *(.ARM.exidx*)
 .ARM.exidx     0x000000000800bc60        0x8 c:/st/stm32cubeide_1.9.0/stm32cubeide/plugins/com.st.stm32cube.ide.mcu.externaltools.gnu-tools-for-stm32.10.3-2021.10.win32_1.0.0.202111181127/tools/bin/../lib/gcc/arm-none-eabi/10.3.1/thumb/v7e-m+fp/hard\libgcc.a(_udivmoddi4.o)
                0x000000000800bc68                __exidx_end = .
                0x000000000800bc68                . = ALIGN (0x4)

.rel.dyn        0x000000000800bc68        0x0
 .rel.iplt      0x000000000800bc68        0x0 c:/st/stm32cubeide_1.9.0/stm32cubeide/plugins/com.st.stm32cube.ide.mcu.externaltools.gnu-tools-for-stm32.10.3-2021.10.win32_1.0.0.202111181127/tools/bin/../lib/gcc/arm-none-eabi/10.3.1/thumb/v7e-m+fp/hard/crtbegin.o

.preinit_array  0x000000000800bc68        0x0
                0x000000000800bc68                . = ALIGN (0x4)
                0x000000000800bc68                PROVIDE (__preinit_array_start = .)
 *(.preinit_array*)
                0x000000000800bc68                PROVIDE (__preinit_array_end = .)
                0x000000000800bc68                . = ALIGN (0x4)

.init_array     0x000000000800bc68        0x4
                0x000000000800bc68                . = ALIGN (0x4)
                0x000000000800bc68                PROVIDE (__init_array_start = .)
 *(SORT_BY_NAME(.init_array.*))
 *(.init_array*)
 .init_array    0x000000000800bc68        0x4 c:/st/stm32cubeide_1.9.0/stm32cubeide/plugins/com.st.stm32cube.ide.mcu.externaltools.gnu-tools-for-stm32.10.3-2021.10.win32_1.0.0.202111181127/tools/bin/../lib/gcc/arm-none-eabi/10.3.1/thumb/v7e-m+fp/hard/crtbegin.o
                0x000000000800bc6c                PROVIDE (__init_array_end = .)
                0x000000000800bc6c                . = ALIGN (0x4)

.fini_array     0x000000000800bc6c        0x4
                0x000000000800bc6c                . = ALIGN (0x4)
                [!provide]                        PROVIDE (__fini_array_start = .)
 *(SORT_BY_NAME(.fini_array.*))
 *(.fini_array*)
 .fini_array    0x000000000800bc6c        0x4 c:/st/stm32cubeide_1.9.0/stm32cubeide/plugins/com.st.stm32cube.ide.mcu.externaltools.gnu-tools-for-stm32.10.3-2021.10.win32_1.0.0.202111181127/tools/bin/../lib/gcc/arm-none-eabi/10.3.1/thumb/v7e-m+fp/hard/crtbegin.o
                [!provide]                        PROVIDE (__fini_array_end = .)
                0x000000000800bc70                . = ALIGN (0x4)
                0x000000000800bc70                _sidata = LOADADDR (.data)

.data           0x0000000020000000       0xa8 load address 0x000000000800bc70
                0x0000000020000000                . = ALIGN (0x4)
                0x0000000020000000                _sdata = .
 *(.data)
 *(.data*)
 .data.csend    0x0000000020000000        0x8 ./Core/Src/main.o
                0x0000000020000000                csend
 .data.oppstart_PWM
                0x0000000020000008       0x10 ./Core/Src/main.o
                0x0000000020000008                oppstart_PWM
 .data.SystemCoreClock
                0x0000000020000018        0x4 ./Core/Src/system_stm32f4xx.o
                0x0000000020000018                SystemCoreClock
 .data.uwTickFreq
                0x000000002000001c        0x1 ./Drivers/STM32F4xx_HAL_Driver/Src/stm32f4xx_hal.o
                0x000000002000001c                uwTickFreq
 *fill*         0x000000002000001d        0x3 
 .data.uwTickPrio
                0x0000000020000020        0x4 ./Drivers/STM32F4xx_HAL_Driver/Src/stm32f4xx_hal.o
                0x0000000020000020                uwTickPrio
 .data.CDC_Class
                0x0000000020000024       0x20 ./Middlewares/ST/STM32_USB_Host_Library/Class/CDC/Src/usbh_cdc.o
                0x0000000020000024                CDC_Class
 .data._impure_ptr
                0x0000000020000044        0x4 c:/st/stm32cubeide_1.9.0/stm32cubeide/plugins/com.st.stm32cube.ide.mcu.externaltools.gnu-tools-for-stm32.10.3-2021.10.win32_1.0.0.202111181127/tools/bin/../lib/gcc/arm-none-eabi/10.3.1/../../../../arm-none-eabi/lib/thumb/v7e-m+fp/hard\libc_nano.a(lib_a-impure.o)
                0x0000000020000044                _impure_ptr
 .data.impure_data
                0x0000000020000048       0x60 c:/st/stm32cubeide_1.9.0/stm32cubeide/plugins/com.st.stm32cube.ide.mcu.externaltools.gnu-tools-for-stm32.10.3-2021.10.win32_1.0.0.202111181127/tools/bin/../lib/gcc/arm-none-eabi/10.3.1/../../../../arm-none-eabi/lib/thumb/v7e-m+fp/hard\libc_nano.a(lib_a-impure.o)
 *(.RamFunc)
 *(.RamFunc*)
                0x00000000200000a8                . = ALIGN (0x4)
                0x00000000200000a8                _edata = .
                0x000000000800bd18                _siccmram = LOADADDR (.ccmram)

.igot.plt       0x00000000200000a8        0x0 load address 0x000000000800bd18
 .igot.plt      0x00000000200000a8        0x0 c:/st/stm32cubeide_1.9.0/stm32cubeide/plugins/com.st.stm32cube.ide.mcu.externaltools.gnu-tools-for-stm32.10.3-2021.10.win32_1.0.0.202111181127/tools/bin/../lib/gcc/arm-none-eabi/10.3.1/thumb/v7e-m+fp/hard/crtbegin.o

.ccmram         0x0000000010000000        0x0 load address 0x000000000800bd18
                0x0000000010000000                . = ALIGN (0x4)
                0x0000000010000000                _sccmram = .
 *(.ccmram)
 *(.ccmram*)
                0x0000000010000000                . = ALIGN (0x4)
                0x0000000010000000                _eccmram = .
                0x0000000010000000                . = ALIGN (0x4)

.bss            0x00000000200000a8     0x13c0
                0x00000000200000a8                _sbss = .
                0x00000000200000a8                __bss_start__ = _sbss
 *(.bss)
 .bss           0x00000000200000a8       0x1c c:/st/stm32cubeide_1.9.0/stm32cubeide/plugins/com.st.stm32cube.ide.mcu.externaltools.gnu-tools-for-stm32.10.3-2021.10.win32_1.0.0.202111181127/tools/bin/../lib/gcc/arm-none-eabi/10.3.1/thumb/v7e-m+fp/hard/crtbegin.o
 *(.bss*)
 .bss.HR_kompass_rad
                0x00000000200000c4       0x20 ./Core/Src/main.o
                0x00000000200000c4                HR_kompass_rad
 .bss.Tmat      0x00000000200000e4        0xc ./Core/Src/main.o
                0x00000000200000e4                Tmat
 .bss.active_step
                0x00000000200000f0       0xa4 ./Core/Src/main.o
                0x00000000200000f0                active_step
 .bss.active_thrust
                0x0000000020000194       0x20 ./Core/Src/main.o
                0x0000000020000194                active_thrust
 .bss.aksdata   0x00000000200001b4        0x8 ./Core/Src/main.o
                0x00000000200001b4                aksdata
 .bss.autonomstyring
                0x00000000200001bc        0x8 ./Core/Src/main.o
                0x00000000200001bc                autonomstyring
 .bss.brytertrykk
                0x00000000200001c4        0x1 ./Core/Src/main.o
                0x00000000200001c4                brytertrykk
 *fill*         0x00000000200001c5        0x3 
 .bss.canMailbox
                0x00000000200001c8        0x4 ./Core/Src/main.o
                0x00000000200001c8                canMailbox
 .bss.canRX     0x00000000200001cc        0x8 ./Core/Src/main.o
                0x00000000200001cc                canRX
 .bss.canfilter
                0x00000000200001d4       0x28 ./Core/Src/main.o
                0x00000000200001d4                canfilter
 .bss.controller_status
                0x00000000200001fc        0x1 ./Core/Src/main.o
                0x00000000200001fc                controller_status
 *fill*         0x00000000200001fd        0x3 
 .bss.ctrl_contribution
                0x0000000020000200       0x20 ./Core/Src/main.o
                0x0000000020000200                ctrl_contribution
 .bss.ctrl_ref  0x0000000020000220       0x18 ./Core/Src/main.o
                0x0000000020000220                ctrl_ref
 .bss.effekt_forbruk
                0x0000000020000238        0x8 ./Core/Src/main.o
                0x0000000020000238                effekt_forbruk
 .bss.esc_reset
                0x0000000020000240        0x1 ./Core/Src/main.o
                0x0000000020000240                esc_reset
 .bss.esc_status_avprell
                0x0000000020000241        0x1 ./Core/Src/main.o
                0x0000000020000241                esc_status_avprell
 *fill*         0x0000000020000242        0x2 
 .bss.flagg     0x0000000020000244       0x14 ./Core/Src/main.o
                0x0000000020000244                flagg
 .bss.forrige_bryterstatus
                0x0000000020000258        0x1 ./Core/Src/main.o
                0x0000000020000258                forrige_bryterstatus
 *fill*         0x0000000020000259        0x3 
 .bss.gain      0x000000002000025c        0x4 ./Core/Src/main.o
                0x000000002000025c                gain
 .bss.gir       0x0000000020000260        0x4 ./Core/Src/main.o
                0x0000000020000260                gir
 .bss.gir_m     0x0000000020000264        0x4 ./Core/Src/main.o
                0x0000000020000264                gir_m
 .bss.gir_mf    0x0000000020000268        0x4 ./Core/Src/main.o
                0x0000000020000268                gir_mf
 .bss.girbidrag
                0x000000002000026c       0x20 ./Core/Src/main.o
                0x000000002000026c                girbidrag
 .bss.gpid      0x000000002000028c       0x2c ./Core/Src/main.o
                0x000000002000028c                gpid
 .bss.gyrodata  0x00000000200002b8        0x8 ./Core/Src/main.o
                0x00000000200002b8                gyrodata
 .bss.hcan1     0x00000000200002c0       0x28 ./Core/Src/main.o
                0x00000000200002c0                hcan1
 .bss.heave_step
                0x00000000200002e8       0xa4 ./Core/Src/main.o
                0x00000000200002e8                heave_step
 .bss.hi2s3     0x000000002000038c       0x48 ./Core/Src/main.o
                0x000000002000038c                hi2s3
 .bss.hiv       0x00000000200003d4        0x4 ./Core/Src/main.o
                0x00000000200003d4                hiv
 .bss.hiv_m     0x00000000200003d8        0x4 ./Core/Src/main.o
                0x00000000200003d8                hiv_m
 .bss.hivbidrag
                0x00000000200003dc       0x20 ./Core/Src/main.o
                0x00000000200003dc                hivbidrag
 .bss.hpid      0x00000000200003fc       0x2c ./Core/Src/main.o
                0x00000000200003fc                hpid
 .bss.htim2     0x0000000020000428       0x48 ./Core/Src/main.o
                0x0000000020000428                htim2
 .bss.htim3     0x0000000020000470       0x48 ./Core/Src/main.o
                0x0000000020000470                htim3
 .bss.htim4     0x00000000200004b8       0x48 ./Core/Src/main.o
                0x00000000200004b8                htim4
 .bss.led_status
                0x0000000020000500        0x1 ./Core/Src/main.o
                0x0000000020000500                led_status
 *fill*         0x0000000020000501        0x3 
 .bss.lqr_reg   0x0000000020000504       0x24 ./Core/Src/main.o
                0x0000000020000504                lqr_reg
 .bss.magnodata
                0x0000000020000528        0x8 ./Core/Src/main.o
                0x0000000020000528                magnodata
 .bss.maks_paadrag
                0x0000000020000530        0x4 ./Core/Src/main.o
                0x0000000020000530                maks_paadrag
 .bss.manipulator_PWM
                0x0000000020000534        0x6 ./Core/Src/main.o
                0x0000000020000534                manipulator_PWM
 *fill*         0x000000002000053a        0x2 
 .bss.manipulator_filter
                0x000000002000053c        0x6 ./Core/Src/main.o
                0x000000002000053c                manipulator_filter
 *fill*         0x0000000020000542        0x2 
 .bss.mk_modell
                0x0000000020000544        0x8 ./Core/Src/main.o
                0x0000000020000544                mk_modell
 .bss.model_states
                0x000000002000054c       0x30 ./Core/Src/main.o
                0x000000002000054c                model_states
 .bss.null8     0x000000002000057c       0x20 ./Core/Src/main.o
                0x000000002000057c                null8
 .bss.ny_param  0x000000002000059c        0x8 ./Core/Src/main.o
                0x000000002000059c                ny_param
 .bss.overlap_sine
                0x00000000200005a4       0xa4 ./Core/Src/main.o
                0x00000000200005a4                overlap_sine
 .bss.overlap_steps
                0x0000000020000648       0xa4 ./Core/Src/main.o
                0x0000000020000648                overlap_steps
 .bss.param     0x00000000200006ec       0xd4 ./Core/Src/main.o
                0x00000000200006ec                param
 .bss.pid_heave
                0x00000000200007c0       0x30 ./Core/Src/main.o
                0x00000000200007c0                pid_heave
 .bss.pid_pitch
                0x00000000200007f0       0x30 ./Core/Src/main.o
                0x00000000200007f0                pid_pitch
 .bss.pid_roll  0x0000000020000820       0x30 ./Core/Src/main.o
                0x0000000020000820                pid_roll
 .bss.pitch_step
                0x0000000020000850       0xa4 ./Core/Src/main.o
                0x0000000020000850                pitch_step
 .bss.power12vf
                0x00000000200008f4        0x4 ./Core/Src/main.o
                0x00000000200008f4                power12vf
 .bss.roll_step
                0x00000000200008f8       0xa4 ./Core/Src/main.o
                0x00000000200008f8                roll_step
 .bss.rpid      0x000000002000099c       0x2c ./Core/Src/main.o
                0x000000002000099c                rpid
 .bss.rull      0x00000000200009c8        0x4 ./Core/Src/main.o
                0x00000000200009c8                rull
 .bss.rull_m    0x00000000200009cc        0x4 ./Core/Src/main.o
                0x00000000200009cc                rull_m
 .bss.rullbidrag
                0x00000000200009d0       0x20 ./Core/Src/main.o
                0x00000000200009d0                rullbidrag
 .bss.rxHeader  0x00000000200009f0       0x1c ./Core/Src/main.o
                0x00000000200009f0                rxHeader
 .bss.sensordata
                0x0000000020000a0c       0x1c ./Core/Src/main.o
                0x0000000020000a0c                sensordata
 .bss.sep_sine  0x0000000020000a28       0xa4 ./Core/Src/main.o
                0x0000000020000a28                sep_sine
 .bss.sep_steps
                0x0000000020000acc       0xa4 ./Core/Src/main.o
                0x0000000020000acc                sep_steps
 .bss.smc_heave
                0x0000000020000b70       0x30 ./Core/Src/main.o
                0x0000000020000b70                smc_heave
 .bss.smc_pitch
                0x0000000020000ba0       0x30 ./Core/Src/main.o
                0x0000000020000ba0                smc_pitch
 .bss.smc_roll  0x0000000020000bd0       0x30 ./Core/Src/main.o
                0x0000000020000bd0                smc_roll
 .bss.spid      0x0000000020000c00       0x2c ./Core/Src/main.o
                0x0000000020000c00                spid
 .bss.stamp     0x0000000020000c2c        0x4 ./Core/Src/main.o
                0x0000000020000c2c                stamp
 .bss.stamp_m   0x0000000020000c30        0x4 ./Core/Src/main.o
                0x0000000020000c30                stamp_m
 .bss.stampbidrag
                0x0000000020000c34       0x20 ./Core/Src/main.o
                0x0000000020000c34                stampbidrag
 .bss.step_counter
                0x0000000020000c54        0xc ./Core/Src/main.o
                0x0000000020000c54                step_counter
 .bss.styrebidrag
                0x0000000020000c60       0x20 ./Core/Src/main.o
                0x0000000020000c60                styrebidrag
 .bss.styrefilter
                0x0000000020000c80       0x20 ./Core/Src/main.o
                0x0000000020000c80                styrefilter
 .bss.styremelding
                0x0000000020000ca0        0x8 ./Core/Src/main.o
                0x0000000020000ca0                styremelding
 .bss.styreretning
                0x0000000020000ca8        0x4 ./Core/Src/main.o
                0x0000000020000ca8                styreretning
 .bss.sum_paadrag
                0x0000000020000cac        0x4 ./Core/Src/main.o
                0x0000000020000cac                sum_paadrag
 .bss.t_skalering
                0x0000000020000cb0       0x28 ./Core/Src/main.o
                0x0000000020000cb0                t_skalering
 .bss.teller_bryter
                0x0000000020000cd8        0x1 ./Core/Src/main.o
                0x0000000020000cd8                teller_bryter
 *fill*         0x0000000020000cd9        0x1 
 .bss.teller_diode
                0x0000000020000cda        0x2 ./Core/Src/main.o
                0x0000000020000cda                teller_diode
 .bss.teller_idle
                0x0000000020000cdc        0x2 ./Core/Src/main.o
                0x0000000020000cdc                teller_idle
 .bss.teller_reg_gir
                0x0000000020000cde        0x1 ./Core/Src/main.o
                0x0000000020000cde                teller_reg_gir
 .bss.teller_reg_hiv
                0x0000000020000cdf        0x1 ./Core/Src/main.o
                0x0000000020000cdf                teller_reg_hiv
 .bss.teller_reg_rull
                0x0000000020000ce0        0x1 ./Core/Src/main.o
                0x0000000020000ce0                teller_reg_rull
 .bss.teller_reg_stamp
                0x0000000020000ce1        0x1 ./Core/Src/main.o
                0x0000000020000ce1                teller_reg_stamp
 .bss.teller_test_thruster
                0x0000000020000ce2        0x2 ./Core/Src/main.o
                0x0000000020000ce2                teller_test_thruster
 .bss.test_thrustere
                0x0000000020000ce4        0x1 ./Core/Src/main.o
                0x0000000020000ce4                test_thrustere
 *fill*         0x0000000020000ce5        0x3 
 .bss.thrust_BFF
                0x0000000020000ce8       0x18 ./Core/Src/main.o
                0x0000000020000ce8                thrust_BFF
 .bss.thrust_NED
                0x0000000020000d00       0x18 ./Core/Src/main.o
                0x0000000020000d00                thrust_NED
 .bss.thruster_ID
                0x0000000020000d18        0x1 ./Core/Src/main.o
                0x0000000020000d18                thruster_ID
 *fill*         0x0000000020000d19        0x3 
 .bss.thruster_PWM
                0x0000000020000d1c       0x10 ./Core/Src/main.o
                0x0000000020000d1c                thruster_PWM
 .bss.thrusterdata
                0x0000000020000d2c        0x8 ./Core/Src/main.o
                0x0000000020000d2c                thrusterdata
 .bss.totalbidrag
                0x0000000020000d34       0x20 ./Core/Src/main.o
                0x0000000020000d34                totalbidrag
 .bss.txHeader  0x0000000020000d54       0x18 ./Core/Src/main.o
                0x0000000020000d54                txHeader
 .bss.__sbrk_heap_end
                0x0000000020000d6c        0x4 ./Core/Src/sysmem.o
 .bss.c         0x0000000020000d70        0x1 ./Core/Src/verdier.o
                0x0000000020000d70                c
 *fill*         0x0000000020000d71        0x3 
 .bss.uwTick    0x0000000020000d74        0x4 ./Drivers/STM32F4xx_HAL_Driver/Src/stm32f4xx_hal.o
                0x0000000020000d74                uwTick
 .bss.Appli_state
                0x0000000020000d78        0x1 ./USB_HOST/App/usb_host.o
                0x0000000020000d78                Appli_state
 *fill*         0x0000000020000d79        0x3 
 .bss.hUsbHostFS
                0x0000000020000d7c      0x3d8 ./USB_HOST/App/usb_host.o